###############################################################################
#
# IAR ELF Linker V7.60.2.11341/W32 for ARM                03/Nov/2017  09:01:22
# Copyright 2007-2016 IAR Systems AB.
#
#    Output file  =  
#        E:\work\ucos\program-iar-one-four-centre-ucos\Debug\Exe\program-iar-1-4-centre.out.tmp
#    Map file     =  
#        E:\work\ucos\program-iar-one-four-centre-ucos\Debug\List\program-iar-1-4-centre.map
#    Command line =  
#        E:\work\ucos\program-iar-one-four-centre-ucos\Debug\Obj\ADC.o
#        E:\work\ucos\program-iar-one-four-centre-ucos\Debug\Obj\adc_11u6x.o
#        E:\work\ucos\program-iar-one-four-centre-ucos\Debug\Obj\app_hooks.o
#        E:\work\ucos\program-iar-one-four-centre-ucos\Debug\Obj\board.o
#        E:\work\ucos\program-iar-one-four-centre-ucos\Debug\Obj\board_sysinit.o
#        E:\work\ucos\program-iar-one-four-centre-ucos\Debug\Obj\chip_11u6x.o
#        E:\work\ucos\program-iar-one-four-centre-ucos\Debug\Obj\clock_11u6x.o
#        E:\work\ucos\program-iar-one-four-centre-ucos\Debug\Obj\Compute.o
#        E:\work\ucos\program-iar-one-four-centre-ucos\Debug\Obj\CRC16.o
#        E:\work\ucos\program-iar-one-four-centre-ucos\Debug\Obj\crc_11u6x.o
#        E:\work\ucos\program-iar-one-four-centre-ucos\Debug\Obj\CtrlBox.o
#        E:\work\ucos\program-iar-one-four-centre-ucos\Debug\Obj\DataFlash.o
#        E:\work\ucos\program-iar-one-four-centre-ucos\Debug\Obj\dma_11u6x.o
#        E:\work\ucos\program-iar-one-four-centre-ucos\Debug\Obj\eeprom.o
#        E:\work\ucos\program-iar-one-four-centre-ucos\Debug\Obj\flash.o
#        E:\work\ucos\program-iar-one-four-centre-ucos\Debug\Obj\GlobalVar.o
#        E:\work\ucos\program-iar-one-four-centre-ucos\Debug\Obj\gpio_11u6x.o
#        E:\work\ucos\program-iar-one-four-centre-ucos\Debug\Obj\gpiogroup_11u6x.o
#        E:\work\ucos\program-iar-one-four-centre-ucos\Debug\Obj\i2c_11u6x.o
#        E:\work\ucos\program-iar-one-four-centre-ucos\Debug\Obj\i2cm_11u6x.o
#        E:\work\ucos\program-iar-one-four-centre-ucos\Debug\Obj\iar_startup_lpc11u6x.o
#        E:\work\ucos\program-iar-one-four-centre-ucos\Debug\Obj\IIC_polling.o
#        E:\work\ucos\program-iar-one-four-centre-ucos\Debug\Obj\InEeprom.o
#        E:\work\ucos\program-iar-one-four-centre-ucos\Debug\Obj\InTIMER.o
#        E:\work\ucos\program-iar-one-four-centre-ucos\Debug\Obj\InWDT.o
#        E:\work\ucos\program-iar-one-four-centre-ucos\Debug\Obj\iocon_11u6x.o
#        E:\work\ucos\program-iar-one-four-centre-ucos\Debug\Obj\KEY_SCAN.o
#        E:\work\ucos\program-iar-one-four-centre-ucos\Debug\Obj\LED.o
#        E:\work\ucos\program-iar-one-four-centre-ucos\Debug\Obj\main.o
#        E:\work\ucos\program-iar-one-four-centre-ucos\Debug\Obj\ModbusMaster.o
#        E:\work\ucos\program-iar-one-four-centre-ucos\Debug\Obj\ModbusSlave.o
#        E:\work\ucos\program-iar-one-four-centre-ucos\Debug\Obj\NearbyCom.o
#        E:\work\ucos\program-iar-one-four-centre-ucos\Debug\Obj\os_core.o
#        E:\work\ucos\program-iar-one-four-centre-ucos\Debug\Obj\os_cpu_a.o
#        E:\work\ucos\program-iar-one-four-centre-ucos\Debug\Obj\os_cpu_c.o
#        E:\work\ucos\program-iar-one-four-centre-ucos\Debug\Obj\os_dbg.o
#        E:\work\ucos\program-iar-one-four-centre-ucos\Debug\Obj\os_flag.o
#        E:\work\ucos\program-iar-one-four-centre-ucos\Debug\Obj\os_mbox.o
#        E:\work\ucos\program-iar-one-four-centre-ucos\Debug\Obj\os_mem.o
#        E:\work\ucos\program-iar-one-four-centre-ucos\Debug\Obj\os_mutex.o
#        E:\work\ucos\program-iar-one-four-centre-ucos\Debug\Obj\os_q.o
#        E:\work\ucos\program-iar-one-four-centre-ucos\Debug\Obj\os_sem.o
#        E:\work\ucos\program-iar-one-four-centre-ucos\Debug\Obj\os_task.o
#        E:\work\ucos\program-iar-one-four-centre-ucos\Debug\Obj\os_time.o
#        E:\work\ucos\program-iar-one-four-centre-ucos\Debug\Obj\os_tmr.o
#        E:\work\ucos\program-iar-one-four-centre-ucos\Debug\Obj\pinint_11u6x.o
#        E:\work\ucos\program-iar-one-four-centre-ucos\Debug\Obj\pmu_11u6x.o
#        E:\work\ucos\program-iar-one-four-centre-ucos\Debug\Obj\PWM.o
#        E:\work\ucos\program-iar-one-four-centre-ucos\Debug\Obj\RealTime.o
#        E:\work\ucos\program-iar-one-four-centre-ucos\Debug\Obj\ring_buffer.o
#        E:\work\ucos\program-iar-one-four-centre-ucos\Debug\Obj\romdiv_11u6x.o
#        E:\work\ucos\program-iar-one-four-centre-ucos\Debug\Obj\RS485Slave.o
#        E:\work\ucos\program-iar-one-four-centre-ucos\Debug\Obj\rtc_11u6x.o
#        E:\work\ucos\program-iar-one-four-centre-ucos\Debug\Obj\sct_11u6x.o
#        E:\work\ucos\program-iar-one-four-centre-ucos\Debug\Obj\SoftTimer.o
#        E:\work\ucos\program-iar-one-four-centre-ucos\Debug\Obj\SPI.o
#        E:\work\ucos\program-iar-one-four-centre-ucos\Debug\Obj\ssp_11u6x.o
#        E:\work\ucos\program-iar-one-four-centre-ucos\Debug\Obj\stopwatch_11u6.o
#        E:\work\ucos\program-iar-one-four-centre-ucos\Debug\Obj\SWITCH_SCAN.o
#        E:\work\ucos\program-iar-one-four-centre-ucos\Debug\Obj\syscon_11u6x.o
#        E:\work\ucos\program-iar-one-four-centre-ucos\Debug\Obj\sysinit.o
#        E:\work\ucos\program-iar-one-four-centre-ucos\Debug\Obj\sysinit_11u6x.o
#        E:\work\ucos\program-iar-one-four-centre-ucos\Debug\Obj\timer_11u6x.o
#        E:\work\ucos\program-iar-one-four-centre-ucos\Debug\Obj\UART.o
#        E:\work\ucos\program-iar-one-four-centre-ucos\Debug\Obj\uart_0_11u6x.o
#        E:\work\ucos\program-iar-one-four-centre-ucos\Debug\Obj\uart_n_11u6x.o
#        E:\work\ucos\program-iar-one-four-centre-ucos\Debug\Obj\Updata.o
#        E:\work\ucos\program-iar-one-four-centre-ucos\Debug\Obj\WatchDog.o
#        E:\work\ucos\program-iar-one-four-centre-ucos\Debug\Obj\Weather.o
#        E:\work\ucos\program-iar-one-four-centre-ucos\Debug\Obj\wwdt_11u6x.o
#        E:\work\ucos\program-iar-one-four-centre-ucos\Debug\Obj\Zigbee.o -o
#        E:\work\ucos\program-iar-one-four-centre-ucos\Debug\Exe\program-iar-1-4-centre.out.tmp
#        --redirect _Printf=_PrintfFull --redirect _Scanf=_ScanfFull --map
#        E:\work\ucos\program-iar-one-four-centre-ucos\Debug\List\program-iar-1-4-centre.map
#        --config "E:\work\ucos\program-iar-one-four-centre-ucos\NXP-program -
#        app-A.icf" --semihosting --entry __iar_program_start --vfe
#
###############################################################################

*******************************************************************************
*** RUNTIME MODEL ATTRIBUTES
***

CppFlavor       = *
__SystemLibrary = DLib


*******************************************************************************
*** PLACEMENT SUMMARY
***

"A1":  place at 0x00006000 { ro section .intvec };
"P1":  place in [from 0x00006000 to 0x0003ffff] { ro };
"P2":  place in [from 0x10000200 to 0x10007fff] { rw, block CSTACK, block HEAP };
initialize by copy { rw };

  Section             Kind        Address    Size  Object
  -------             ----        -------    ----  ------
"A1":                                        0xc0
  .intvec             ro code  0x00006000    0xc0  iar_startup_lpc11u6x.o [1]
                             - 0x000060c0    0xc0

"P1":                                      0x69e0
  .text               ro code  0x000060c0   0xc80  NearbyCom.o [1]
  .text               ro code  0x00006d40   0x7a4  GlobalVar.o [1]
  .text               ro code  0x000074e4    0x3c  romdiv_11u6x.o [1]
  .text               ro code  0x00007520   0x204  RealTime.o [1]
  .text               ro code  0x00007724    0x50  ABImemset.o [5]
  .text               ro code  0x00007774    0x9c  InEeprom.o [1]
  .text               ro code  0x00007810    0x28  memcmp.o [5]
  .text               ro code  0x00007838    0x5c  ABImemcpy.o [5]
  .text               ro code  0x00007894    0xe4  IIC_polling.o [1]
  .text               ro code  0x00007978    0x68  eeprom.o [1]
  .text               ro code  0x000079e0    0x3c  CRC16.o [1]
  .text               ro code  0x00007a1c   0x202  i2cm_11u6x.o [1]
  .text               ro code  0x00007c1e    0x4a  iocon_11u6x.o [1]
  .text               ro code  0x00007c68   0x254  clock_11u6x.o [1]
  .text               ro code  0x00007ebc    0x32  I64Mul.o [5]
  .text               ro code  0x00007eee    0x6a  I64DivMod.o [5]
  .text               ro code  0x00007f58     0x2  I64DivZer.o [5]
  .rodata             const    0x00007f5a     0x2  os_dbg.o [1]
  .text               ro code  0x00007f5c   0x6bc  os_core.o [1]
  .text               ro code  0x00008618    0xfc  os_cpu_c.o [1]
  .text               ro code  0x00008714    0x74  os_flag.o [1]
  .text               ro code  0x00008788    0x4c  os_mem.o [1]
  .text               ro code  0x000087d4    0x38  os_q.o [1]
  CODE                ro code  0x0000880c   0x130  os_cpu_a.o [1]
  .text               ro code  0x0000893c   0x3e4  os_task.o [1]
  .text               ro code  0x00008d20    0xb4  os_time.o [1]
  .text               ro code  0x00008dd4    0x10  app_hooks.o [1]
  .text               ro code  0x00008de4   0x5fc  Compute.o [1]
  .text               ro code  0x000093e0    0x36  I32ToFlt.o [4]
  .text               ro code  0x00009416    0xaa  FltDiv.o [4]
  .text               ro code  0x000094c0    0x30  I32ToDbl.o [4]
  .text               ro code  0x000094f0   0x184  DblMul.o [4]
  .text               ro code  0x00009674     0xa  sin.o [4]
  .text               ro code  0x0000967e    0x62  DblToFlt.o [4]
  .text               ro code  0x000096e0    0x32  FltToDbl.o [4]
  .text               ro code  0x00009712     0xa  cos.o [4]
  .text               ro code  0x0000971c    0xb0  FltMul.o [4]
  .text               ro code  0x000097cc   0x120  FltAddSub.o [4]
  .text               ro code  0x000098ec    0xe8  asin.o [4]
  .text               ro code  0x000099d4    0xbe  sqrt.o [4]
  .text               ro code  0x00009a92   0x1b4  DblAddSub.o [4]
  .text               ro code  0x00009c46    0xc2  DblDiv.o [4]
  .text               ro code  0x00009d08    0x28  FltCmpGe.o [4]
  .text               ro code  0x00009d30    0x3a  FltToS32.o [4]
  .text               ro code  0x00009d6a     0x2  iar_startup_lpc11u6x.o [1]
  .text               ro code  0x00009d6c    0x26  FltCmpLe.o [4]
  .text               ro code  0x00009d92     0x2  iar_startup_lpc11u6x.o [1]
  .text               ro code  0x00009d94    0x9c  atan.o [4]
  .text               ro code  0x00009e30   0x444  xsin.o [4]
  .text               ro code  0x0000a274    0x32  DblCmpLe.o [4]
  .text               ro code  0x0000a2a6     0x2  iar_startup_lpc11u6x.o [1]
  .text               ro code  0x0000a2a8   0x1e0  xatan.o [4]
  .text               ro code  0x0000a488    0x10  errno.o [3]
  .text               ro code  0x0000a498     0xc  iarEdom.o [5]
  .text               ro code  0x0000a4a4    0x32  DblCmpGe.o [4]
  .text               ro code  0x0000a4d6     0x2  iar_startup_lpc11u6x.o [1]
  .text               ro code  0x0000a4d8    0x4e  DblToI32.o [4]
  .text               ro code  0x0000a526     0x2  sysinit.o [1]
  .text               ro code  0x0000a528   0x174  xquad.o [4]
  .text               ro code  0x0000a69c     0x2  xtls.o [3]
  .text               ro code  0x0000a6a0    0x84  xdint.o [4]
  .text               ro code  0x0000a724    0x24  DblCmpEq.o [4]
  .text               ro code  0x0000a748    0xc6  fmod.o [4]
  .text               ro code  0x0000a810   0x554  RS485Slave.o [1]
  .text               ro code  0x0000ad64    0x28  SoftTimer.o [1]
  .text               ro code  0x0000ad8c   0x518  UART.o [1]
  .text               ro code  0x0000b2a4    0xb8  ring_buffer.o [1]
  .text               ro code  0x0000b35c   0x118  uart_n_11u6x.o [1]
  .text               ro code  0x0000b474    0xe4  uart_0_11u6x.o [1]
  .text               ro code  0x0000b558    0x66  gpio_11u6x.o [1]
  .text               ro code  0x0000b5c0   0x3d8  main.o [1]
  .text               ro code  0x0000b998   0x108  KEY_SCAN.o [1]
  .text               ro code  0x0000baa0    0x92  SWITCH_SCAN.o [1]
  .text               ro code  0x0000bb34    0x14  chip_11u6x.o [1]
  .text               ro code  0x0000bb48    0x84  Zigbee.o [1]
  .text               ro code  0x0000bbcc    0x36  DataFlash.o [1]
  .text               ro code  0x0000bc04   0x2b4  CtrlBox.o [1]
  .text               ro code  0x0000beb8    0x18  Weather.o [1]
  .text               ro code  0x0000bed0    0x40  syscon_11u6x.o [1]
  .text               ro code  0x0000bf10   0x144  SPI.o [1]
  .text               ro code  0x0000c054    0xf0  LED.o [1]
  .text               ro code  0x0000c144     0x4  ModbusMaster.o [1]
  .text               ro code  0x0000c148    0xcc  ssp_11u6x.o [1]
  .rodata             const    0x0000c214   0x138  NearbyCom.o [1]
  .rodata             const    0x0000c34c   0x100  CRC16.o [1]
  .rodata             const    0x0000c44c   0x100  CRC16.o [1]
  .rodata             const    0x0000c54c   0x100  os_core.o [1]
  .rodata             const    0x0000c64c    0xc8  RS485Slave.o [1]
  .text               ro code  0x0000c714    0x8c  PWM.o [1]
  .text               ro code  0x0000c7a0    0x70  InWDT.o [1]
  .text               ro code  0x0000c810    0x1c  wwdt_11u6x.o [1]
  .rodata             const    0x0000c82c    0x68  PWM.o [1]
  .text               ro code  0x0000c894    0x50  InTIMER.o [1]
  .rodata             const    0x0000c8e4    0x40  clock_11u6x.o [1]
  .text               ro code  0x0000c924    0x3c  zero_init3.o [5]
  .text               ro code  0x0000c960    0x30  copy_init3.o [5]
  .text               ro code  0x0000c990    0x2c  ADC.o [1]
  .text               ro code  0x0000c9bc    0x28  data_init.o [5]
  .iar.init_table     const    0x0000c9e4    0x24  - Linker created -
  .text               ro code  0x0000ca08    0x1a  cmain.o [5]
  .text               ro code  0x0000ca22     0x4  low_level_init.o [3]
  .text               ro code  0x0000ca26     0x8  exit.o [3]
  .text               ro code  0x0000ca30     0xa  cexit.o [5]
  .text               ro code  0x0000ca3c    0x14  exit.o [6]
  .rodata             const    0x0000ca50    0x10  os_core.o [1]
  .rodata             const    0x0000ca60    0x10  os_core.o [1]
  .text               ro code  0x0000ca70    0x10  iar_startup_lpc11u6x.o [1]
  .text               ro code  0x0000ca80     0xc  cstartup_M.o [5]
  Initializer bytes   const    0x0000ca8c     0x8  <for P2-1>
  .rodata             const    0x0000ca94     0x4  board.o [1]
  .rodata             const    0x0000ca98     0x4  board.o [1]
  .text               ro code  0x0000ca9c     0x4  iar_startup_lpc11u6x.o [1]
  .rodata             const    0x0000caa0     0x0  zero_init3.o [5]
  .rodata             const    0x0000caa0     0x0  copy_init3.o [5]
                             - 0x0000caa0  0x69e0

"P2", part 1 of 3:                            0x8
  P2-1                         0x10000200     0x5  <Init block>
    __DLIB_PERTHREAD  inited   0x10000200     0x4  errno.o [3]
    .data             inited   0x10000204     0x1  PWM.o [1]
                             - 0x10000205     0x5

"P2", part 2 of 3:                          0x400
  CSTACK                       0x10000208   0x400  <Block>
    CSTACK            uninit   0x10000208   0x400  <Block tail>
                             - 0x10000608   0x400

"P2", part 3 of 3:                         0x318c
  .bss                zero     0x10000608   0x800  os_core.o [1]
  .bss                zero     0x10000e08   0x800  os_core.o [1]
  .bss                zero     0x10001608   0x61c  os_core.o [1]
  .bss                zero     0x10001c24   0x4ec  os_core.o [1]
  .bss                zero     0x10002110   0x400  UART.o [1]
  .bss                zero     0x10002510   0x200  UART.o [1]
  .bss                zero     0x10002710   0x200  UART.o [1]
  .bss                zero     0x10002910   0x190  NearbyCom.o [1]
  .bss                zero     0x10002aa0   0x110  NearbyCom.o [1]
  .bss                zero     0x10002bb0   0x100  UART.o [1]
  .bss                zero     0x10002cb0    0xc8  RS485Slave.o [1]
  .bss                zero     0x10002d78    0x9c  NearbyCom.o [1]
  .bss                zero     0x10002e14    0x80  main.o [1]
  .bss                zero     0x10002e94    0x80  NearbyCom.o [1]
  .bss                zero     0x10002f14    0x80  os_core.o [1]
  .bss                zero     0x10002f94    0x80  RS485Slave.o [1]
  .bss                zero     0x10003014    0x80  RS485Slave.o [1]
  .bss                zero     0x10003094    0x80  UART.o [1]
  .bss                zero     0x10003114    0x80  UART.o [1]
  .bss                zero     0x10003194    0x80  UART.o [1]
  .bss                zero     0x10003214    0x78  os_core.o [1]
  .bss                zero     0x1000328c    0x78  os_core.o [1]
  .bss                zero     0x10003304    0x64  RS485Slave.o [1]
  .bss                zero     0x10003368    0x5c  GlobalVar.o [1]
  .bss                zero     0x100033c4    0x50  os_core.o [1]
  .bss                zero     0x10003414    0x40  UART.o [1]
  .bss                zero     0x10003454    0x38  Compute.o [1]
  .bss                zero     0x1000348c    0x34  CtrlBox.o [1]
  .bss                zero     0x100034c0    0x34  CtrlBox.o [1]
  .bss                zero     0x100034f4    0x2c  GlobalVar.o [1]
  .bss                zero     0x10003520    0x2c  NearbyCom.o [1]
  .bss                zero     0x1000354c    0x2c  RS485Slave.o [1]
  .bss                zero     0x10003578    0x20  CtrlBox.o [1]
  .bss                zero     0x10003598    0x20  UART.o [1]
  .bss                zero     0x100035b8    0x20  UART.o [1]
  .bss                zero     0x100035d8    0x18  GlobalVar.o [1]
  .bss                zero     0x100035f0    0x14  UART.o [1]
  .bss                zero     0x10003604    0x14  UART.o [1]
  .bss                zero     0x10003618    0x14  UART.o [1]
  .bss                zero     0x1000362c    0x14  UART.o [1]
  .bss                zero     0x10003640    0x14  UART.o [1]
  .bss                zero     0x10003654    0x14  UART.o [1]
  .bss                zero     0x10003668    0x14  UART.o [1]
  .bss                zero     0x1000367c    0x14  UART.o [1]
  .bss                zero     0x10003690    0x14  UART.o [1]
  .bss                zero     0x100036a4    0x14  UART.o [1]
  .bss                zero     0x100036b8    0x10  IIC_polling.o [1]
  .bss                zero     0x100036c8     0xc  GlobalVar.o [1]
  .bss                zero     0x100036d4     0x8  Compute.o [1]
  .bss                zero     0x100036dc     0x8  Compute.o [1]
  .bss                zero     0x100036e4     0x8  CtrlBox.o [1]
  .bss                zero     0x100036ec     0x8  CtrlBox.o [1]
  .bss                zero     0x100036f4     0x8  LED.o [1]
  .bss                zero     0x100036fc     0x8  RealTime.o [1]
  .bss                zero     0x10003704     0x8  RS485Slave.o [1]
  .bss                zero     0x1000370c     0x8  UART.o [1]
  .bss                zero     0x10003714     0x8  UART.o [1]
  .bss                zero     0x1000371c     0x8  UART.o [1]
  .bss                zero     0x10003724     0x8  UART.o [1]
  .bss                zero     0x1000372c     0x8  UART.o [1]
  .bss                zero     0x10003734     0x8  Weather.o [1]
  .bss                zero     0x1000373c     0x4  chip_11u6x.o [1]
  .bss                zero     0x10003740     0x4  Compute.o [1]
  .bss                zero     0x10003744     0x4  os_core.o [1]
  .bss                zero     0x10003748     0x4  os_core.o [1]
  .bss                zero     0x1000374c     0x4  os_core.o [1]
  .bss                zero     0x10003750     0x4  os_core.o [1]
  .bss                zero     0x10003754     0x4  os_core.o [1]
  .bss                zero     0x10003758     0x4  os_core.o [1]
  .bss                zero     0x1000375c     0x4  os_core.o [1]
  .bss                zero     0x10003760     0x4  os_core.o [1]
  .bss                zero     0x10003764     0x4  os_core.o [1]
  .bss                zero     0x10003768     0x4  os_core.o [1]
  .bss                zero     0x1000376c     0x4  os_core.o [1]
  .bss                zero     0x10003770     0x4  os_core.o [1]
  .bss                zero     0x10003774     0x4  os_core.o [1]
  .bss                zero     0x10003778     0x4  os_core.o [1]
  .bss                zero     0x1000377c     0x2  NearbyCom.o [1]
  .bss                zero     0x1000377e     0x2  PWM.o [1]
  .bss                zero     0x10003780     0x2  RS485Slave.o [1]
  .bss                zero     0x10003782     0x2  SoftTimer.o [1]
  .bss                zero     0x10003784     0x1  ADC.o [1]
  .bss                zero     0x10003785     0x1  Compute.o [1]
  .bss                zero     0x10003786     0x1  os_core.o [1]
  .bss                zero     0x10003787     0x1  os_core.o [1]
  .bss                zero     0x10003788     0x1  os_core.o [1]
  .bss                zero     0x10003789     0x1  os_core.o [1]
  .bss                zero     0x1000378a     0x1  os_core.o [1]
  .bss                zero     0x1000378b     0x1  os_core.o [1]
  .bss                zero     0x1000378c     0x1  os_core.o [1]
  .bss                zero     0x1000378d     0x1  os_core.o [1]
  .bss                zero     0x1000378e     0x1  os_core.o [1]
  .bss                zero     0x1000378f     0x1  os_core.o [1]
  .bss                zero     0x10003790     0x1  PWM.o [1]
  .bss                zero     0x10003791     0x1  RS485Slave.o [1]
  .bss                zero     0x10003792     0x1  uart_n_11u6x.o [1]
                             - 0x10003793  0x318b


*******************************************************************************
*** INIT TABLE
***

          Address     Size
          -------     ----
Zero (__iar_zero_init3)
    1 destination range, total size 0x318b:
          0x10000608  0x318b

Copy (__iar_copy_init3)
    1 source range, total size 0x8 (160% of destination):
          0x0000ca8c     0x8
    1 destination range, total size 0x5:
          0x10000200     0x5



*******************************************************************************
*** MODULE SUMMARY
***

    Module                  ro code  ro data  rw data
    ------                  -------  -------  -------
E:\work\ucos\program-iar-one-four-centre-ucos\Debug\Obj: [1]
    ADC.o                        44                 1
    CRC16.o                      60      512
    Compute.o                 1 532                77
    CtrlBox.o                   692               152
    DataFlash.o                  54
    GlobalVar.o               1 956               172
    IIC_polling.o               228                16
    InEeprom.o                  156
    InTIMER.o                    80
    InWDT.o                     112
    KEY_SCAN.o                  264
    LED.o                       240                 8
    ModbusMaster.o                4
    NearbyCom.o               3 200      312    1 002
    PWM.o                       140      105        4
    RS485Slave.o              1 364      200      611
    RealTime.o                  516                 8
    SPI.o                       324
    SWITCH_SCAN.o               146
    SoftTimer.o                  40                 2
    UART.o                    1 304             3 056
    Weather.o                    24                 8
    Zigbee.o                    132
    app_hooks.o                  16
    board.o                                8
    chip_11u6x.o                 20                 4
    clock_11u6x.o               596       64
    eeprom.o                    104
    gpio_11u6x.o                102
    i2cm_11u6x.o                514
    iar_startup_lpc11u6x.o      220
    iocon_11u6x.o                74
    main.o                      984               128
    os_core.o                 1 724      288    7 434
    os_cpu_a.o                  304
    os_cpu_c.o                  252
    os_dbg.o                               2
    os_flag.o                   116
    os_mem.o                     76
    os_q.o                       56
    os_task.o                   996
    os_time.o                   180
    ring_buffer.o               184
    romdiv_11u6x.o               60
    ssp_11u6x.o                 204
    syscon_11u6x.o               64
    sysinit.o                     2
    uart_0_11u6x.o              228
    uart_n_11u6x.o              280                 1
    wwdt_11u6x.o                 28
    -------------------------------------------------
    Total:                   19 996    1 491   12 684

command line: [2]
    -------------------------------------------------
    Total:

dl6M_tln.a: [3]
    errno.o                      16        4        4
    exit.o                        8
    low_level_init.o              4
    xtls.o                        2
    -------------------------------------------------
    Total:                       30        4        4

m6M_tl.a: [4]
    DblAddSub.o                 436
    DblCmpEq.o                   36
    DblCmpGe.o                   50
    DblCmpLe.o                   50
    DblDiv.o                    194
    DblMul.o                    388
    DblToFlt.o                   98
    DblToI32.o                   78
    FltAddSub.o                 288
    FltCmpGe.o                   40
    FltCmpLe.o                   38
    FltDiv.o                    170
    FltMul.o                    176
    FltToDbl.o                   50
    FltToS32.o                   58
    I32ToDbl.o                   48
    I32ToFlt.o                   54
    asin.o                      232
    atan.o                      156
    cos.o                        10
    fmod.o                      198
    sin.o                        10
    sqrt.o                      190
    xatan.o                     480
    xdint.o                     132
    xquad.o                     372
    xsin.o                    1 092
    -------------------------------------------------
    Total:                    5 124

rt6M_tl.a: [5]
    ABImemcpy.o                  92
    ABImemset.o                  80
    I64DivMod.o                 106
    I64DivZer.o                   2
    I64Mul.o                     50
    cexit.o                      10
    cmain.o                      26
    copy_init3.o                 48
    cstartup_M.o                 12
    data_init.o                  40
    iarEdom.o                    12
    memcmp.o                     40
    zero_init3.o                 60
    -------------------------------------------------
    Total:                      578

shb_l.a: [6]
    exit.o                       20
    -------------------------------------------------
    Total:                       20

    Gaps                         14
    Linker created                        39    1 024
-----------------------------------------------------
    Grand Total:             25 762    1 534   13 712


*******************************************************************************
*** ENTRY LIST
***

Entry                      Address   Size  Type      Object
-----                      -------   ----  ----      ------
.iar.init_table$$Base   0x0000c9e4          --   Gb  - Linker created -
.iar.init_table$$Limit  0x0000ca08          --   Gb  - Linker created -
?main                   0x0000ca09         Code  Gb  cmain.o [5]
ADCA_IRQHandler         0x0000c999   0x1c  Code  Gb  ADC.o [1]
App_TCBInitHook         0x00008de1    0x2  Code  Gb  app_hooks.o [1]
App_TaskCreateHook      0x00008dd5    0x2  Code  Gb  app_hooks.o [1]
App_TaskDelHook         0x00008dd7    0x2  Code  Gb  app_hooks.o [1]
App_TaskIdleHook        0x00008dd9    0x2  Code  Gb  app_hooks.o [1]
App_TaskReturnHook      0x00008ddb    0x2  Code  Gb  app_hooks.o [1]
App_TaskStatHook        0x00008ddd    0x2  Code  Gb  app_hooks.o [1]
App_TaskSwHook          0x00008ddf    0x2  Code  Gb  app_hooks.o [1]
App_TimeTickHook        0x00008de3    0x2  Code  Gb  app_hooks.o [1]
BOD_WDT_IRQHandler      0x0000c7d9   0x32  Code  Gb  InWDT.o [1]
BestAngleInit           0x0000936d   0x5a  Code  Gb  Compute.o [1]
CRC16                   0x000079e1   0x3c  Code  Gb  CRC16.o [1]
CSTACK$$Base            0x10000208          --   Gb  - Linker created -
CSTACK$$Limit           0x10000608          --   Gb  - Linker created -
Chip_ADC_ClearFlags     0x0000c995    0x4  Code  Lc  ADC.o [1]
Chip_ADC_GetFlags       0x0000c991    0x4  Code  Lc  ADC.o [1]
Chip_Clock_EnablePeriphClock
                        0x0000b559   0x10  Code  Lc  gpio_11u6x.o [1]
Chip_Clock_EnablePeriphClock
                        0x00007a53   0x10  Code  Lc  i2cm_11u6x.o [1]
Chip_Clock_EnablePeriphClock
                        0x0000b69d   0x10  Code  Lc  main.o [1]
Chip_Clock_EnablePeriphClock
                        0x0000bf47   0x10  Code  Lc  SPI.o [1]
Chip_Clock_EnablePeriphClock
                        0x0000b475   0x10  Code  Lc  uart_0_11u6x.o [1]
Chip_Clock_EnablePeriphClock
                        0x0000b393   0x10  Code  Lc  uart_n_11u6x.o [1]
Chip_Clock_GetIntOscRate
                        0x00007ccf    0x4  Code  Lc  clock_11u6x.o [1]
Chip_Clock_GetMainClockRate
                        0x00007e3d   0x34  Code  Gb  clock_11u6x.o [1]
Chip_Clock_GetMainOscRate
                        0x00007cc9    0x6  Code  Lc  clock_11u6x.o [1]
Chip_Clock_GetPLLFreq   0x00007cf9    0xe  Code  Lc  clock_11u6x.o [1]
Chip_Clock_GetRTCOscRate
                        0x00007cd3    0x6  Code  Lc  clock_11u6x.o [1]
Chip_Clock_GetSSP0ClockDiv
                        0x0000c149    0x6  Code  Lc  ssp_11u6x.o [1]
Chip_Clock_GetSSP1ClockDiv
                        0x0000c14f    0x6  Code  Lc  ssp_11u6x.o [1]
Chip_Clock_GetSystemClockRate
                        0x00007e71   0x10  Code  Gb  clock_11u6x.o [1]
Chip_Clock_GetSystemPLLInClockRate
                        0x00007dfb   0x30  Code  Gb  clock_11u6x.o [1]
Chip_Clock_GetSystemPLLOutClockRate
                        0x00007e2b   0x12  Code  Gb  clock_11u6x.o [1]
Chip_Clock_GetUSARTNBaseClockDiv
                        0x00007ca7    0x6  Code  Lc  clock_11u6x.o [1]
Chip_Clock_GetUSARTNBaseClockRate
                        0x00007d07   0x62  Code  Gb  clock_11u6x.o [1]
Chip_Clock_GetUSARTNFRGDivider
                        0x00007cb5    0x6  Code  Lc  clock_11u6x.o [1]
Chip_Clock_GetUSARTNFRGMultiplier
                        0x00007cc3    0x6  Code  Lc  clock_11u6x.o [1]
Chip_Clock_GetWDTOSCRate
                        0x00007def    0xc  Code  Gb  clock_11u6x.o [1]
Chip_Clock_GetWDTRate   0x00007cd9   0x20  Code  Lc  clock_11u6x.o [1]
Chip_Clock_IsSystemPLLLocked
                        0x0000b68b    0xc  Code  Lc  main.o [1]
Chip_Clock_SetMainClockSource
                        0x00007ddb   0x14  Code  Gb  clock_11u6x.o [1]
Chip_Clock_SetSSP0ClockDiv
                        0x0000bf57    0x6  Code  Lc  SPI.o [1]
Chip_Clock_SetSSP1ClockDiv
                        0x0000bf5d    0x6  Code  Lc  SPI.o [1]
Chip_Clock_SetSysClockDiv
                        0x0000b697    0x6  Code  Lc  main.o [1]
Chip_Clock_SetSystemPLLSource
                        0x00007dc7   0x14  Code  Gb  clock_11u6x.o [1]
Chip_Clock_SetUSART0ClockDiv
                        0x0000b485    0x6  Code  Lc  uart_0_11u6x.o [1]
Chip_Clock_SetUSARTNBaseClockDiv
                        0x00007c9f    0x8  Code  Lc  clock_11u6x.o [1]
Chip_Clock_SetUSARTNBaseClockRate
                        0x00007d69   0x5e  Code  Gb  clock_11u6x.o [1]
Chip_Clock_SetUSARTNFRGDivider
                        0x00007cad    0x8  Code  Lc  clock_11u6x.o [1]
Chip_Clock_SetUSARTNFRGMultiplier
                        0x00007cbb    0x8  Code  Lc  clock_11u6x.o [1]
Chip_Clock_SetupSystemPLL
                        0x0000b675   0x16  Code  Lc  main.o [1]
Chip_EEPROM_Read        0x000079ad   0x2c  Code  Gb  eeprom.o [1]
Chip_EEPROM_Write       0x00007981   0x2c  Code  Gb  eeprom.o [1]
Chip_FMC_SetFLASHAccess
                        0x0000b6d1   0x12  Code  Lc  main.o [1]
Chip_GPIO_Init          0x0000b56d    0xa  Code  Gb  gpio_11u6x.o [1]
Chip_GPIO_SetPinToggle  0x0000b6bd   0x14  Code  Lc  main.o [1]
Chip_GPIO_WriteDirBit   0x0000b577   0x48  Code  Gb  gpio_11u6x.o [1]
Chip_GPIO_WritePortBit  0x0000bc05   0x10  Code  Lc  CtrlBox.o [1]
Chip_GPIO_WritePortBit  0x0000bbcd   0x10  Code  Lc  DataFlash.o [1]
Chip_GPIO_WritePortBit  0x0000b999   0x10  Code  Lc  KEY_SCAN.o [1]
Chip_GPIO_WritePortBit  0x0000b6ad   0x10  Code  Lc  main.o [1]
Chip_GPIO_WritePortBit  0x0000baa1   0x10  Code  Lc  SWITCH_SCAN.o [1]
Chip_GPIO_WritePortBit  0x0000ad9b   0x10  Code  Lc  UART.o [1]
Chip_GPIO_WritePortBit  0x0000bb49   0x10  Code  Lc  Zigbee.o [1]
Chip_I2CM_GetCurState   0x00007a81    0x8  Code  Lc  i2cm_11u6x.o [1]
Chip_I2CM_Init          0x00007a89   0x22  Code  Gb  i2cm_11u6x.o [1]
Chip_I2CM_ResetControl  0x00007a73    0x6  Code  Lc  i2cm_11u6x.o [1]
Chip_I2CM_SendStart     0x00007a6d    0x6  Code  Lc  i2cm_11u6x.o [1]
Chip_I2CM_SetBusSpeed   0x00007ab9   0x22  Code  Gb  i2cm_11u6x.o [1]
Chip_I2CM_SetDutyCycle  0x00007a63    0xa  Code  Lc  i2cm_11u6x.o [1]
Chip_I2CM_StateChanged  0x00007a79    0x8  Code  Lc  i2cm_11u6x.o [1]
Chip_I2CM_Xfer          0x00007bdb   0x16  Code  Gb  i2cm_11u6x.o [1]
Chip_I2CM_XferBlocking  0x00007bf1   0x2e  Code  Gb  i2cm_11u6x.o [1]
Chip_I2CM_XferHandler   0x00007adb  0x100  Code  Gb  i2cm_11u6x.o [1]
Chip_IOCON_PinMuxSet    0x00007c1f   0x4a  Code  Gb  iocon_11u6x.o [1]
Chip_SCT_ClearEventFlag
                        0x0000c715    0xe  Code  Lc  PWM.o [1]
Chip_SSP_Enable         0x0000bf63    0xa  Code  Lc  SPI.o [1]
Chip_SSP_GetPCLKkRate   0x0000c161   0x32  Code  Lc  ssp_11u6x.o [1]
Chip_SSP_SetBitRate     0x0000c1d5   0x40  Code  Gb  ssp_11u6x.o [1]
Chip_SSP_SetClockRate   0x0000c193   0x1a  Code  Gb  ssp_11u6x.o [1]
Chip_SSP_SetFormat      0x0000bf6d   0x14  Code  Lc  SPI.o [1]
Chip_SSP_SetMaster      0x0000c1bd   0x18  Code  Gb  ssp_11u6x.o [1]
Chip_SSP_Set_Mode       0x0000c155    0xc  Code  Lc  ssp_11u6x.o [1]
Chip_SYSCTL_AssertPeriphReset
                        0x00007c69   0x10  Code  Lc  clock_11u6x.o [1]
Chip_SYSCTL_AssertPeriphReset
                        0x00007a1d   0x10  Code  Lc  i2cm_11u6x.o [1]
Chip_SYSCTL_AssertPeriphReset
                        0x0000bf11   0x10  Code  Lc  SPI.o [1]
Chip_SYSCTL_AssertPeriphReset
                        0x0000b35d   0x10  Code  Lc  uart_n_11u6x.o [1]
Chip_SYSCTL_DeassertPeriphReset
                        0x00007c79   0x10  Code  Lc  clock_11u6x.o [1]
Chip_SYSCTL_DeassertPeriphReset
                        0x00007a2d   0x10  Code  Lc  i2cm_11u6x.o [1]
Chip_SYSCTL_DeassertPeriphReset
                        0x0000bf21   0x10  Code  Lc  SPI.o [1]
Chip_SYSCTL_DeassertPeriphReset
                        0x0000b36d   0x10  Code  Lc  uart_n_11u6x.o [1]
Chip_SYSCTL_PeriphReset
                        0x00007c89   0x16  Code  Lc  clock_11u6x.o [1]
Chip_SYSCTL_PeriphReset
                        0x00007a3d   0x16  Code  Lc  i2cm_11u6x.o [1]
Chip_SYSCTL_PeriphReset
                        0x0000bf31   0x16  Code  Lc  SPI.o [1]
Chip_SYSCTL_PeriphReset
                        0x0000b37d   0x16  Code  Lc  uart_n_11u6x.o [1]
Chip_SYSCTL_PowerDown   0x0000bed1   0x1c  Code  Gb  syscon_11u6x.o [1]
Chip_SYSCTL_PowerUp     0x0000beed   0x1a  Code  Gb  syscon_11u6x.o [1]
Chip_TIMER_ClearMatch   0x0000c8a5    0x8  Code  Lc  InTIMER.o [1]
Chip_TIMER_MatchPending
                        0x0000c895   0x10  Code  Lc  InTIMER.o [1]
Chip_UART0_ConfigData   0x0000addf    0x4  Code  Lc  UART.o [1]
Chip_UART0_DisableDivisorAccess
                        0x0000b4a9    0xa  Code  Lc  uart_0_11u6x.o [1]
Chip_UART0_EnableDivisorAccess
                        0x0000b49f    0xa  Code  Lc  uart_0_11u6x.o [1]
Chip_UART0_Init         0x0000b4c1   0x1e  Code  Gb  uart_0_11u6x.o [1]
Chip_UART0_IntDisable   0x0000add3    0x8  Code  Lc  UART.o [1]
Chip_UART0_IntEnable    0x0000adcb    0x8  Code  Lc  UART.o [1]
Chip_UART0_ReadByte     0x0000adc5    0x6  Code  Lc  UART.o [1]
Chip_UART0_ReadLineStatus
                        0x0000ade3    0x4  Code  Lc  UART.o [1]
Chip_UART0_ReadLineStatus
                        0x0000b4bd    0x4  Code  Lc  uart_0_11u6x.o [1]
Chip_UART0_SendByte     0x0000b495    0x6  Code  Lc  uart_0_11u6x.o [1]
Chip_UART0_SetBaud      0x0000b4df   0x50  Code  Gb  uart_0_11u6x.o [1]
Chip_UART0_SetDivisorLatches
                        0x0000b4b3    0xa  Code  Lc  uart_0_11u6x.o [1]
Chip_UART0_SetupFIFOS   0x0000addb    0x4  Code  Lc  UART.o [1]
Chip_UART0_SetupFIFOS   0x0000b49b    0x4  Code  Lc  uart_0_11u6x.o [1]
Chip_UART0_TXEnable     0x0000adbf    0x6  Code  Lc  UART.o [1]
Chip_UART0_TXIntHandlerRB
                        0x0000b52f   0x2a  Code  Gb  uart_0_11u6x.o [1]
Chip_UARTN_ConfigData   0x0000ae0b    0xc  Code  Lc  UART.o [1]
Chip_UARTN_Enable       0x0000ade7    0xa  Code  Lc  UART.o [1]
Chip_UARTN_EnableClock  0x0000b3c7   0x1e  Code  Lc  uart_n_11u6x.o [1]
Chip_UARTN_GetStatus    0x0000ae17    0x4  Code  Lc  UART.o [1]
Chip_UARTN_GetStatus    0x0000b3a9    0x4  Code  Lc  uart_n_11u6x.o [1]
Chip_UARTN_Init         0x0000b3e5   0x32  Code  Gb  uart_n_11u6x.o [1]
Chip_UARTN_IntDisable   0x0000ae07    0x4  Code  Lc  UART.o [1]
Chip_UARTN_IntEnable    0x0000ae03    0x4  Code  Lc  UART.o [1]
Chip_UARTN_ReadByte     0x0000adfb    0x8  Code  Lc  UART.o [1]
Chip_UARTN_SendByte     0x0000b3a3    0x6  Code  Lc  uart_n_11u6x.o [1]
Chip_UARTN_SetBaud      0x0000b431   0x1a  Code  Gb  uart_n_11u6x.o [1]
Chip_UARTN_TXEnable     0x0000adf1    0xa  Code  Lc  UART.o [1]
Chip_UARTN_TXIntHandlerRB
                        0x0000b44b   0x2a  Code  Gb  uart_n_11u6x.o [1]
Chip_WWDT_ClearStatusFlag
                        0x0000c811   0x1c  Code  Gb  wwdt_11u6x.o [1]
Chip_WWDT_Feed          0x0000c7a1    0xa  Code  Lc  InWDT.o [1]
Chip_WWDT_GetStatus     0x0000c7d5    0x4  Code  Lc  InWDT.o [1]
Chip_WWDT_SetOption     0x0000c7ab    0x8  Code  Lc  InWDT.o [1]
Chip_WWDT_Start         0x0000c7c1   0x14  Code  Lc  InWDT.o [1]
Chip_WWDT_UnsetOption   0x0000c7b3    0xe  Code  Lc  InWDT.o [1]
ClearBoxErr             0x00006ded   0x1c  Code  Gb  GlobalVar.o [1]
Crystal_oscillator_Init2
                        0x0000b865  0x11a  Code  Gb  main.o [1]
CtrlBoxCmdInit          0x0000bc89   0xd6  Code  Gb  CtrlBox.o [1]
CtrlBoxCrcProcess       0x0000bd83    0x4  Code  Gb  CtrlBox.o [1]
CtrlBoxLostProcess      0x0000bd5f   0x24  Code  Gb  CtrlBox.o [1]
CtrlBoxRecProcess       0x0000bd87  0x104  Code  Gb  CtrlBox.o [1]
DataFlashInit           0x0000bbdd   0x26  Code  Gb  DataFlash.o [1]
Data_Init               0x0000b7f1   0x44  Code  Gb  main.o [1]
Date_Time               0x100036fc    0x8  Data  Gb  RealTime.o [1]
EEP_Read_data           0x00007775   0x3e  Code  Gb  InEeprom.o [1]
EEP_Save_data           0x000077b3   0x5e  Code  Gb  InEeprom.o [1]
GetFollowBestAngle      0x00008de5  0x580  Code  Gb  Compute.o [1]
GetMasterPreAddr        0x0000c145    0x4  Code  Gb  ModbusMaster.o [1]
GetRunErrPoint          0x00006dbb   0x14  Code  Gb  GlobalVar.o [1]
GetRunWindNow           0x00006e09    0x6  Code  Gb  GlobalVar.o [1]
GetStoreAddr            0x0000710f    0x6  Code  Gb  GlobalVar.o [1]
GetStoreAngleLimit      0x00007107    0x8  Code  Gb  GlobalVar.o [1]
GetStoreGap             0x00007371    0xe  Code  Gb  GlobalVar.o [1]
GetStoreLat             0x000070f9    0x8  Code  Gb  GlobalVar.o [1]
GetStoreLen             0x00007101    0x6  Code  Gb  GlobalVar.o [1]
GetVerLSoft             0x00006d41    0x4  Code  Gb  GlobalVar.o [1]
GetWeatherInit          0x0000beb9    0xe  Code  Gb  Weather.o [1]
IIC_Init                0x000078d3   0x34  Code  Gb  IIC_polling.o [1]
IIC_read                0x00007907   0x48  Code  Gb  IIC_polling.o [1]
IIC_write               0x0000794f   0x1a  Code  Gb  IIC_polling.o [1]
LED_Init                0x0000c055   0xe6  Code  Gb  LED.o [1]
LED_KEY_IO_Init         0x0000b9a9   0xf4  Code  Gb  KEY_SCAN.o [1]
My_UARTN_RXIntHandlerRB
                        0x0000ae1b   0x26  Code  Gb  UART.o [1]
My_UARTN_TXIntHandlerRB
                        0x0000ae41   0x22  Code  Gb  UART.o [1]
NVIC_DisableIRQ         0x00007895    0xe  Code  Lc  IIC_polling.o [1]
NVIC_EnableIRQ          0x0000ad8d    0xe  Code  Lc  UART.o [1]
NVIC_SetPriority        0x0000b5c1   0x84  Code  Lc  main.o [1]
NearbyComInit           0x000060c1   0x6c  Code  Gb  NearbyCom.o [1]
NearbyWriteManyProcess  0x00006769  0x5a8  Code  Gb  NearbyCom.o [1]
NearbyWriteOneProcess   0x00006159  0x5fe  Code  Gb  NearbyCom.o [1]
NorthComInit            0x0000a811   0x76  Code  Gb  RS485Slave.o [1]
OSCPUUsage              0x10003786    0x1  Data  Gb  os_core.o [1]
OSCtxSw                 0x00008853         Code  Gb  os_cpu_a.o [1]
OSCtxSwCtr              0x10003744    0x4  Data  Gb  os_core.o [1]
OSDebugEn               0x00007f5a    0x2  Data  Gb  os_dbg.o [1]
OSEventFreeList         0x10003748    0x4  Data  Gb  os_core.o [1]
OSEventTbl              0x10001c24  0x4ec  Data  Gb  os_core.o [1]
OSFlagFreeList          0x1000374c    0x4  Data  Gb  os_core.o [1]
OSFlagTbl               0x100033c4   0x50  Data  Gb  os_core.o [1]
OSIdleCtr               0x1000375c    0x4  Data  Gb  os_core.o [1]
OSIdleCtrMax            0x10003750    0x4  Data  Gb  os_core.o [1]
OSIdleCtrRun            0x10003754    0x4  Data  Gb  os_core.o [1]
OSInit                  0x00007f5d   0x30  Code  Gb  os_core.o [1]
OSInitHookBegin         0x00008619    0x2  Code  Gb  os_cpu_c.o [1]
OSInitHookEnd           0x0000861b    0x2  Code  Gb  os_cpu_c.o [1]
OSIntCtxSw              0x000088bb         Code  Gb  os_cpu_a.o [1]
OSIntExit               0x00007f8d   0x78  Code  Gb  os_core.o [1]
OSIntNesting            0x10003788    0x1  Data  Gb  os_core.o [1]
OSLockNesting           0x10003789    0x1  Data  Gb  os_core.o [1]
OSMemFreeList           0x10003770    0x4  Data  Gb  os_core.o [1]
OSMemTbl                0x10003214   0x78  Data  Gb  os_core.o [1]
OSPrioCur               0x1000378a    0x1  Data  Gb  os_core.o [1]
OSPrioHighRdy           0x1000378b    0x1  Data  Gb  os_core.o [1]
OSQFreeList             0x10003774    0x4  Data  Gb  os_core.o [1]
OSQTbl                  0x1000328c   0x78  Data  Gb  os_core.o [1]
OSRdyGrp                0x1000378c    0x1  Data  Gb  os_core.o [1]
OSRdyTbl                0x10003758    0x4  Data  Gb  os_core.o [1]
OSRunning               0x1000378d    0x1  Data  Gb  os_core.o [1]
OSStart                 0x00008005   0x34  Code  Gb  os_core.o [1]
OSStartHighRdy          0x0000881b         Code  Gb  os_cpu_a.o [1]
OSStatRdy               0x10003787    0x1  Data  Gb  os_core.o [1]
OSTCBCur                0x10003760    0x4  Data  Gb  os_core.o [1]
OSTCBFreeList           0x10003764    0x4  Data  Gb  os_core.o [1]
OSTCBHighRdy            0x10003768    0x4  Data  Gb  os_core.o [1]
OSTCBInitHook           0x000086ad    0x8  Code  Gb  os_cpu_c.o [1]
OSTCBList               0x1000376c    0x4  Data  Gb  os_core.o [1]
OSTCBPrioTbl            0x10002f14   0x80  Data  Gb  os_core.o [1]
OSTCBTbl                0x10001608  0x61c  Data  Gb  os_core.o [1]
OSTaskCreate            0x0000893d   0x9c  Code  Gb  os_task.o [1]
OSTaskCreateExt         0x000089d9   0xa2  Code  Gb  os_task.o [1]
OSTaskCreateHook        0x0000861d    0x8  Code  Gb  os_cpu_c.o [1]
OSTaskCtr               0x1000378e    0x1  Data  Gb  os_core.o [1]
OSTaskDel               0x00008a81  0x150  Code  Gb  os_task.o [1]
OSTaskDelHook           0x00008625    0x8  Code  Gb  os_cpu_c.o [1]
OSTaskIdleHook          0x0000862d    0x8  Code  Gb  os_cpu_c.o [1]
OSTaskIdleStk           0x10000e08  0x800  Data  Gb  os_core.o [1]
OSTaskNameSet           0x00008bd9   0x5c  Code  Gb  os_task.o [1]
OSTaskReturnHook        0x00008635    0x8  Code  Gb  os_cpu_c.o [1]
OSTaskStatHook          0x0000863d    0x8  Code  Gb  os_cpu_c.o [1]
OSTaskStatStk           0x10000608  0x800  Data  Gb  os_core.o [1]
OSTaskStkInit           0x00008645   0x60  Code  Gb  os_cpu_c.o [1]
OSTaskSuspend           0x00008c51   0xa0  Code  Gb  os_task.o [1]
OSTaskSwHook            0x000086a5    0x8  Code  Gb  os_cpu_c.o [1]
OSTickStepState         0x1000378f    0x1  Data  Gb  os_core.o [1]
OSTime                  0x10003778    0x4  Data  Gb  os_core.o [1]
OSTimeDly               0x00008d21   0x60  Code  Gb  os_time.o [1]
OSTimeDlyHMSM           0x00008d81   0x42  Code  Gb  os_time.o [1]
OSTimeTick              0x00008041   0xce  Code  Gb  os_core.o [1]
OSTimeTickHook          0x000086b5    0x8  Code  Gb  os_cpu_c.o [1]
OSUnMapTbl              0x0000c54c  0x100  Data  Gb  os_core.o [1]
OS_CPU_SR_Restore       0x00008815         Code  Gb  os_cpu_a.o [1]
OS_CPU_SR_Save          0x0000880d         Code  Gb  os_cpu_a.o [1]
OS_Dummy                0x00008129    0x2  Code  Gb  os_core.o [1]
OS_EventTaskRemove      0x0000813d   0x2e  Code  Gb  os_core.o [1]
OS_EventTaskRemoveMulti
                        0x0000816b   0x3a  Code  Gb  os_core.o [1]
OS_FlagInit             0x00008715   0x3c  Code  Gb  os_flag.o [1]
OS_FlagUnlink           0x00008761   0x28  Code  Gb  os_flag.o [1]
OS_InitEventList        0x000081a5   0x3c  Code  Lc  os_core.o [1]
OS_InitMisc             0x000081e9   0x3e  Code  Lc  os_core.o [1]
OS_InitRdyList          0x00008229   0x36  Code  Lc  os_core.o [1]
OS_InitTCBList          0x000082d1   0x42  Code  Lc  os_core.o [1]
OS_InitTaskIdle         0x00008265   0x34  Code  Lc  os_core.o [1]
OS_InitTaskStat         0x0000829d   0x34  Code  Lc  os_core.o [1]
OS_MemClr               0x00008313   0x14  Code  Gb  os_core.o [1]
OS_MemInit              0x00008789   0x3c  Code  Gb  os_mem.o [1]
OS_QInit                0x000087d5   0x2c  Code  Gb  os_q.o [1]
OS_Sched                0x00008327   0x5e  Code  Gb  os_core.o [1]
OS_SchedNew             0x00008395   0x1e  Code  Lc  os_core.o [1]
OS_TCBInit              0x000084b9  0x12e  Code  Gb  os_core.o [1]
OS_TaskIdle             0x000083b3   0x1c  Code  Gb  os_core.o [1]
OS_TaskReturn           0x00008cfd   0x12  Code  Gb  os_task.o [1]
OS_TaskStat             0x000083fd   0x6c  Code  Gb  os_core.o [1]
OscRateIn               0x0000ca94    0x4  Data  Gb  board.o [1]
PWM_s_count             0x1000377e    0x2  Data  Lc  PWM.o [1]
PWM_s_duty              0x10003790    0x1  Data  Gb  PWM.o [1]
PWM_s_quick             0x10000204    0x1  Data  Gb  PWM.o [1]
RTCOscRateIn            0x0000ca98    0x4  Data  Gb  board.o [1]
ReAllocateNVIC          0x0000b6e3   0x22  Code  Gb  main.o [1]
ReadDevice              0x00006d7b   0x12  Code  Gb  GlobalVar.o [1]
ReadManual              0x00006d9d   0x12  Code  Gb  GlobalVar.o [1]
ReadParameter           0x00006d57   0x14  Code  Gb  GlobalVar.o [1]
RealTimeSetPlus         0x000076e3   0x3e  Code  Gb  RealTime.o [1]
RealTime_Get            0x00007529   0xe0  Code  Gb  RealTime.o [1]
RealTime_Init           0x00007521    0x8  Code  Gb  RealTime.o [1]
RealTime_Set            0x00007609   0xda  Code  Gb  RealTime.o [1]
Region$$Table$$Base     0x0000c9e4          --   Gb  - Linker created -
Region$$Table$$Limit    0x0000ca08          --   Gb  - Linker created -
RingBuffer_GetCount     0x0000b2a5    0x8  Code  Lc  ring_buffer.o [1]
RingBuffer_Init         0x0000b2db   0x12  Code  Gb  ring_buffer.o [1]
RingBuffer_Insert       0x0000b2ed   0x38  Code  Gb  ring_buffer.o [1]
RingBuffer_IsEmpty      0x0000b2c7   0x14  Code  Lc  ring_buffer.o [1]
RingBuffer_IsEmpty      0x0000adab   0x14  Code  Lc  UART.o [1]
RingBuffer_IsFull       0x0000b2ad   0x1a  Code  Lc  ring_buffer.o [1]
RingBuffer_Pop          0x0000b325   0x38  Code  Gb  ring_buffer.o [1]
SCT0_1_IRQHandler       0x0000c723   0x64  Code  Gb  PWM.o [1]
SPI_Init                0x0000bf81   0xae  Code  Gb  SPI.o [1]
SWITCH_IO_Init          0x0000bab1   0x82  Code  Gb  SWITCH_SCAN.o [1]
S_curve                 0x0000c82c   0x68  Data  Gb  PWM.o [1]
SaveDevice              0x00006d6b   0x10  Code  Gb  GlobalVar.o [1]
SaveManual              0x00006d8d   0x10  Code  Gb  GlobalVar.o [1]
SaveParameter           0x00006d45   0x12  Code  Gb  GlobalVar.o [1]
SetBoxAngleNow          0x000070bd   0x10  Code  Gb  GlobalVar.o [1]
SetBoxErr               0x00006dcf   0x1e  Code  Gb  GlobalVar.o [1]
SetBoxMotoRun           0x000070e5    0xc  Code  Gb  GlobalVar.o [1]
SetBoxVersion           0x000070d5   0x10  Code  Gb  GlobalVar.o [1]
SetDefManual            0x00007487   0x32  Code  Gb  GlobalVar.o [1]
SetDefValue             0x000073ef   0x6a  Code  Gb  GlobalVar.o [1]
SetDeviceDefValue       0x00007459   0x2e  Code  Gb  GlobalVar.o [1]
SetMotoCurrent          0x000070ad   0x10  Code  Gb  GlobalVar.o [1]
SetRunAngleLocal        0x00006fab   0x28  Code  Gb  GlobalVar.o [1]
SetRunAngleRemote       0x00006f81   0x2a  Code  Gb  GlobalVar.o [1]
SetRunErr               0x00006daf    0xc  Code  Gb  GlobalVar.o [1]
SetRunNearbyManual      0x00006fe1   0xcc  Code  Gb  GlobalVar.o [1]
SetRunWindDir           0x00006e31   0x8a  Code  Gb  GlobalVar.o [1]
SetRunWindSpeedNorth    0x00006e0f    0x8  Code  Gb  GlobalVar.o [1]
SetRunuManualOrder      0x00006ec1   0xb8  Code  Gb  GlobalVar.o [1]
SetStateRemote          0x0000730d   0x64  Code  Gb  GlobalVar.o [1]
SetStoreAddr            0x00007115   0x1a  Code  Gb  GlobalVar.o [1]
SetStoreAngleLimit      0x000071f7   0x1c  Code  Gb  GlobalVar.o [1]
SetStoreAngleNight      0x000071a3   0x1c  Code  Gb  GlobalVar.o [1]
SetStoreAngleOffset     0x000072d1   0x2c  Code  Gb  GlobalVar.o [1]
SetStoreAngleRain       0x000071db   0x1c  Code  Gb  GlobalVar.o [1]
SetStoreAngleWind       0x000071bf   0x1c  Code  Gb  GlobalVar.o [1]
SetStoreBoxRegister     0x000073d5   0x1a  Code  Gb  GlobalVar.o [1]
SetStoreESN             0x00007213   0xa0  Code  Gb  GlobalVar.o [1]
SetStoreGap             0x0000737f   0x2a  Code  Gb  GlobalVar.o [1]
SetStoreHeightGap       0x000073a9   0x2c  Code  Gb  GlobalVar.o [1]
SetStoreLat             0x0000716d   0x36  Code  Gb  GlobalVar.o [1]
SetStoreLen             0x000072b3   0x1a  Code  Gb  GlobalVar.o [1]
SetStoreLon             0x0000712f   0x36  Code  Gb  GlobalVar.o [1]
SetZigbeeNetId          0x000070f1    0x8  Code  Gb  GlobalVar.o [1]
SetupXferRecAndExecute  0x000078a3   0x30  Code  Lc  IIC_polling.o [1]
SoftTimerSet            0x0000ad65   0x24  Code  Gb  SoftTimer.o [1]
SysTick_Config          0x0000b645   0x30  Code  Lc  main.o [1]
SysTick_Handler         0x000086bd   0x1e  Code  Gb  os_cpu_c.o [1]
SystemCoreClock         0x1000373c    0x4  Data  Gb  chip_11u6x.o [1]
SystemCoreClockUpdate   0x0000bb35    0xc  Code  Gb  chip_11u6x.o [1]
SystemInit              0x0000a527    0x2  Code  Gb  sysinit.o [1]
TIMER16_0_IRQHandler    0x0000c8c5   0x18  Code  Gb  InTIMER.o [1]
TIMER32_1_IRQHandler    0x0000c8ad   0x18  Code  Gb  InTIMER.o [1]
TaskLed                 0x0000b705   0x1c  Code  Gb  main.o [1]
TaskStartStk1           0x10002e14   0x80  Data  Gb  main.o [1]
UART0_Init              0x0000b221   0x68  Code  Gb  UART.o [1]
UART0_STATE             0x1000370c    0x8  Data  Gb  UART.o [1]
UART1_STATE             0x10003714    0x8  Data  Gb  UART.o [1]
UART2_MODBUS            0x1000354c   0x2c  Data  Gb  RS485Slave.o [1]
UART2_STATE             0x1000371c    0x8  Data  Gb  UART.o [1]
UART3_STATE             0x10003724    0x8  Data  Gb  UART.o [1]
UART4_STATE             0x1000372c    0x8  Data  Gb  UART.o [1]
UARTn_Init              0x0000b005  0x1b2  Code  Gb  UART.o [1]
USART0_IRQHandler       0x0000ae63   0x50  Code  Gb  UART.o [1]
USART1_4_IRQHandler     0x0000aebd   0x6c  Code  Gb  UART.o [1]
USART2_3_IRQHandler     0x0000af29   0x6c  Code  Gb  UART.o [1]
ZigbeeInit              0x0000bb59   0x6e  Code  Gb  Zigbee.o [1]
__Realy_Init            0x0000bc15   0x74  Code  Gb  CtrlBox.o [1]
__Vectors               0x00006000          --   Gb  iar_startup_lpc11u6x.o [1]
__Vectors_End           0x000060c0         Data  Gb  iar_startup_lpc11u6x.o [1]
__Vectors_Size {Abs}    0x000000c0          --   Gb  iar_startup_lpc11u6x.o [1]
__WriteManyProcess      0x0000aac5  0x28a  Code  Gb  RS485Slave.o [1]
__WriteOneProcess       0x0000a887  0x1e8  Code  Gb  RS485Slave.o [1]
__aeabi_cdcmpeq         0x0000a725         Code  Gb  DblCmpEq.o [4]
__aeabi_cdcmple         0x0000a275         Code  Gb  DblCmpLe.o [4]
__aeabi_cdrcmple        0x0000a4a5         Code  Gb  DblCmpGe.o [4]
__aeabi_cfcmple         0x00009d6d         Code  Gb  FltCmpLe.o [4]
__aeabi_cfrcmple        0x00009d09         Code  Gb  FltCmpGe.o [4]
__aeabi_d2f             0x0000967f         Code  Gb  DblToFlt.o [4]
__aeabi_d2iz            0x0000a4d9         Code  Gb  DblToI32.o [4]
__aeabi_dadd            0x00009a93         Code  Gb  DblAddSub.o [4]
__aeabi_ddiv            0x00009c47         Code  Gb  DblDiv.o [4]
__aeabi_dmul            0x000094f1         Code  Gb  DblMul.o [4]
__aeabi_dsub            0x00009b59         Code  Gb  DblAddSub.o [4]
__aeabi_errno_addr      0x0000a489    0xa  Code  Gb  errno.o [3]
__aeabi_f2d             0x000096e1         Code  Gb  FltToDbl.o [4]
__aeabi_f2iz            0x00009d31         Code  Gb  FltToS32.o [4]
__aeabi_fadd            0x000097cd         Code  Gb  FltAddSub.o [4]
__aeabi_fdiv            0x00009417         Code  Gb  FltDiv.o [4]
__aeabi_fmul            0x0000971d         Code  Gb  FltMul.o [4]
__aeabi_fsub            0x0000983d         Code  Gb  FltAddSub.o [4]
__aeabi_i2d             0x000094c1         Code  Gb  I32ToDbl.o [4]
__aeabi_i2f             0x000093e1         Code  Gb  I32ToFlt.o [4]
__aeabi_idiv            0x000074e5    0xe  Code  Gb  romdiv_11u6x.o [1]
__aeabi_idivmod         0x00007501   0x1c  Code  Gb  romdiv_11u6x.o [1]
__aeabi_ldiv0           0x00007f59         Code  Gb  I64DivZer.o [5]
__aeabi_lmul            0x00007ebd         Code  Gb  I64Mul.o [5]
__aeabi_memcpy          0x00007839         Code  Gb  ABImemcpy.o [5]
__aeabi_memset          0x00007725         Code  Gb  ABImemset.o [5]
__aeabi_ui2f            0x000093f9         Code  Gb  I32ToFlt.o [4]
__aeabi_uidiv           0x000074f3    0xe  Code  Gb  romdiv_11u6x.o [1]
__aeabi_uldivmod        0x00007eef         Code  Gb  I64DivMod.o [5]
__cmain                 0x0000ca09         Code  Gb  cmain.o [5]
__exit                  0x0000ca3d   0x14  Code  Gb  exit.o [6]
__iar_Atan              0x0000a2a9  0x148  Code  Gb  xatan.o [4]
__iar_Dint              0x0000a6a1   0x84  Code  Gb  xdint.o [4]
__iar_Errno             0x10000200    0x4  Data  Gb  errno.o [3]
__iar_Memset4_word      0x00007745         Code  Gb  ABImemset.o [5]
__iar_Memset_word       0x00007731         Code  Gb  ABImemset.o [5]
__iar_Quad              0x0000a529  0x174  Code  Gb  xquad.o [4]
__iar_Sin               0x00009e31  0x444  Code  Gb  xsin.o [4]
__iar_copy_init3        0x0000c961   0x30  Code  Gb  copy_init3.o [5]
__iar_d2uiz             0x0000a4fd         Code  Gb  DblToI32.o [4]
__iar_data_init3        0x0000c9bd   0x28  Code  Gb  data_init.o [5]
__iar_dlib_perthread_access
                        0x0000a69d    0x2  Code  Gb  xtls.o [3]
__iar_edom              0x0000a499         Code  Gb  iarEdom.o [5]
__iar_fmod              0x0000a749         Code  Gb  fmod.o [4]
__iar_fmodl             0x0000a749         Code  Gb  fmod.o [4]
__iar_program_start     0x0000ca81         Code  Gb  cstartup_M.o [5]
__iar_sqrt              0x000099d5         Code  Gb  sqrt.o [4]
__iar_ui2d              0x000094d5         Code  Gb  I32ToDbl.o [4]
__iar_ui2f              0x000093fd         Code  Gb  I32ToFlt.o [4]
__iar_zero_init3        0x0000c925   0x3c  Code  Gb  zero_init3.o [5]
__low_level_init        0x0000ca23    0x4  Code  Gb  low_level_init.o [3]
__vector_table          0x00006000         Data  Gb  iar_startup_lpc11u6x.o [1]
__vector_table_0x1c     0x0000601c         Data  Gb  iar_startup_lpc11u6x.o [1]
_call_main              0x0000ca15         Code  Gb  cmain.o [5]
_exit                   0x0000ca31         Code  Gb  cexit.o [5]
_main                   0x0000ca1f         Code  Gb  cmain.o [5]
a                       0x0000a448   0x40  Data  Lc  xatan.o [4]
asin                    0x000098ed   0xe8  Code  Gb  asin.o [4]
atan                    0x00009d95   0x9c  Code  Gb  atan.o [4]
auchCRCHi               0x0000c34c  0x100  Data  Gb  CRC16.o [1]
auchCRCLo               0x0000c44c  0x100  Data  Gb  CRC16.o [1]
cos                     0x00009713    0xa  Code  Gb  cos.o [4]
exit                    0x0000ca27    0x8  Code  Gb  exit.o [3]
fmod                    0x0000a749         Code  Gb  fmod.o [4]
fmodl                   0x0000a749         Code  Gb  fmod.o [4]
g_iTargetAngle          0x100036dc    0x8  Data  Gb  Compute.o [1]
g_iTheoryAngle          0x100036d4    0x8  Data  Gb  Compute.o [1]
g_iaModRead             0x10002cb0   0xc8  Data  Gb  RS485Slave.o [1]
g_iaModWrite            0x10003304   0x64  Data  Gb  RS485Slave.o [1]
g_iaNerbyModRead        0x10002910  0x190  Data  Lc  NearbyCom.o [1]
g_iaNerbyModWrite       0x10002d78   0x9c  Data  Lc  NearbyCom.o [1]
g_sAuto                 0x100036c8    0xc  Data  Gb  GlobalVar.o [1]
g_sComputeAngle         0x10003454   0x38  Data  Gb  Compute.o [1]
g_sCtrlBox              0x1000348c   0x34  Data  Gb  CtrlBox.o [1]
g_sDevice               0x100035d8   0x18  Data  Gb  GlobalVar.o [1]
g_sNearby               0x10003520   0x2c  Data  Gb  NearbyCom.o [1]
g_sParameter            0x100034f4   0x2c  Data  Gb  GlobalVar.o [1]
g_sRunning              0x10003368   0x5c  Data  Gb  GlobalVar.o [1]
g_uDayTime              0x10003785    0x1  Data  Gb  Compute.o [1]
g_uFollowState          0x10003740    0x4  Data  Gb  Compute.o [1]
g_uLogicAddr            0x10003791    0x1  Data  Lc  RS485Slave.o [1]
g_uRecData              0x100034c0   0x34  Data  Gb  CtrlBox.o [1]
g_uSendData             0x10003578   0x20  Data  Gb  CtrlBox.o [1]
g_uSoftTimerTick        0x10003782    0x2  Data  Gb  SoftTimer.o [1]
g_uaModBit              0x10003780    0x2  Data  Gb  RS485Slave.o [1]
g_uaNerbyModBit         0x1000377c    0x2  Data  Lc  NearbyCom.o [1]
g_uaRecBuf              0x10002aa0  0x110  Data  Lc  NearbyCom.o [1]
g_uaRecBuf              0x10002f94   0x80  Data  Lc  RS485Slave.o [1]
g_uaSendBuf             0x10002e94   0x80  Data  Lc  NearbyCom.o [1]
g_uaSendBuf             0x10003014   0x80  Data  Lc  RS485Slave.o [1]
getUARTClockID          0x0000b3ad   0x1a  Code  Lc  uart_n_11u6x.o [1]
i2cmXferRec             0x100036b8   0x10  Data  Lc  IIC_polling.o [1]
iDataRange              0x0000c64c   0xc8  Data  Gb  RS485Slave.o [1]
iNearbyDataRange        0x0000c214  0x138  Data  Gb  NearbyCom.o [1]
iap_entry               0x00007979    0x8  Code  Lc  eeprom.o [1]
main                    0x0000b721   0xd0  Code  Gb  main.o [1]
memcmp                  0x00007811   0x28  Code  Gb  memcmp.o [5]
rxbuff                  0x10003598   0x20  Data  Lc  UART.o [1]
rxring                  0x10003604   0x14  Data  Lc  UART.o [1]
s_sSendAngleDelay       0x100036ec    0x8  Data  Lc  CtrlBox.o [1]
s_sSoftLedTimer         0x100036f4    0x8  Data  Lc  LED.o [1]
s_sSoftTimerNorth       0x10003704    0x8  Data  Lc  RS485Slave.o [1]
s_sSoftTimerWeather     0x10003734    0x8  Data  Lc  Weather.o [1]
s_sTheoryAngleDelay     0x100036e4    0x8  Data  Lc  CtrlBox.o [1]
sequenceComplete        0x10003784    0x1  Data  Lc  ADC.o [1]
sin                     0x00009675    0xa  Code  Gb  sin.o [4]
sqrt                    0x000099d5         Code  Gb  sqrt.o [4]
sqrtl                   0x000099d5         Code  Gb  sqrt.o [4]
txbuff                  0x100035b8   0x20  Data  Lc  UART.o [1]
txring                  0x100035f0   0x14  Data  Lc  UART.o [1]
u1_rxbuff               0x10003094   0x80  Data  Lc  UART.o [1]
u1_rxring               0x1000362c   0x14  Data  Lc  UART.o [1]
u1_txbuff               0x10003414   0x40  Data  Lc  UART.o [1]
u1_txring               0x10003618   0x14  Data  Lc  UART.o [1]
u2_rxbuff               0x10003114   0x80  Data  Lc  UART.o [1]
u2_rxring               0x10003654   0x14  Data  Lc  UART.o [1]
u2_txbuff               0x10003194   0x80  Data  Lc  UART.o [1]
u2_txring               0x10003640   0x14  Data  Lc  UART.o [1]
u3_rxbuff               0x10002510  0x200  Data  Lc  UART.o [1]
u3_rxring               0x1000367c   0x14  Data  Lc  UART.o [1]
u3_txbuff               0x10002bb0  0x100  Data  Lc  UART.o [1]
u3_txring               0x10003668   0x14  Data  Lc  UART.o [1]
u4_rxbuff               0x10002110  0x400  Data  Lc  UART.o [1]
u4_rxring               0x100036a4   0x14  Data  Lc  UART.o [1]
u4_txbuff               0x10002710  0x200  Data  Lc  UART.o [1]
u4_txring               0x10003690   0x14  Data  Lc  UART.o [1]
uart_3_4_cnt            0x10003792    0x1  Data  Lc  uart_n_11u6x.o [1]
wdtOSCRate              0x0000c8e4   0x40  Data  Lc  clock_11u6x.o [1]


[1] = E:\work\ucos\program-iar-one-four-centre-ucos\Debug\Obj
[2] = command line
[3] = dl6M_tln.a
[4] = m6M_tl.a
[5] = rt6M_tl.a
[6] = shb_l.a

  25 762 bytes of readonly  code memory
   1 534 bytes of readonly  data memory
  13 712 bytes of readwrite data memory

Errors: none
Warnings: none
