###############################################################################
#
# IAR ELF Linker V7.60.2.11341/W32 for ARM                16/Jan/2020  19:24:13
# Copyright 2007-2016 IAR Systems AB.
#
#    Output file  =  
#        F:\Work\program-iar-ucos-logger -
#        backup\release\Exe\program-iar-ucos-logger.out.tmp
#    Map file     =  
#        F:\Work\program-iar-ucos-logger -
#        backup\release\List\program-iar-ucos-logger.map
#    Command line =  
#        "F:\Work\program-iar-ucos-logger - backup\Release\Obj\adc_11u6x.o"
#        "F:\Work\program-iar-ucos-logger - backup\Release\Obj\app_hooks.o"
#        "F:\Work\program-iar-ucos-logger - backup\Release\Obj\board.o"
#        "F:\Work\program-iar-ucos-logger - backup\Release\Obj\board_sysinit.o"
#        "F:\Work\program-iar-ucos-logger - backup\Release\Obj\chip_11u6x.o"
#        "F:\Work\program-iar-ucos-logger - backup\Release\Obj\clock_11u6x.o"
#        "F:\Work\program-iar-ucos-logger - backup\Release\Obj\CM.o"
#        "F:\Work\program-iar-ucos-logger - backup\Release\Obj\CRC16.o"
#        "F:\Work\program-iar-ucos-logger - backup\Release\Obj\crc_11u6x.o"
#        "F:\Work\program-iar-ucos-logger - backup\Release\Obj\DataFlash.o"
#        "F:\Work\program-iar-ucos-logger -
#        backup\Release\Obj\DataTransferArea.o"
#        "F:\Work\program-iar-ucos-logger - backup\Release\Obj\dma_11u6x.o"
#        "F:\Work\program-iar-ucos-logger - backup\Release\Obj\eeprom.o"
#        "F:\Work\program-iar-ucos-logger - backup\Release\Obj\flash.o"
#        "F:\Work\program-iar-ucos-logger - backup\Release\Obj\GlobalVar.o"
#        "F:\Work\program-iar-ucos-logger - backup\Release\Obj\gpio_11u6x.o"
#        "F:\Work\program-iar-ucos-logger -
#        backup\Release\Obj\gpiogroup_11u6x.o" "F:\Work\program-iar-ucos-logger
#        - backup\Release\Obj\i2c_11u6x.o" "F:\Work\program-iar-ucos-logger -
#        backup\Release\Obj\i2cm_11u6x.o" "F:\Work\program-iar-ucos-logger -
#        backup\Release\Obj\iar_startup_lpc11u6x.o"
#        "F:\Work\program-iar-ucos-logger - backup\Release\Obj\IEC104.o"
#        "F:\Work\program-iar-ucos-logger - backup\Release\Obj\IIC_polling.o"
#        "F:\Work\program-iar-ucos-logger - backup\Release\Obj\InEeprom.o"
#        "F:\Work\program-iar-ucos-logger - backup\Release\Obj\InRtc.o"
#        "F:\Work\program-iar-ucos-logger - backup\Release\Obj\InTIMER.o"
#        "F:\Work\program-iar-ucos-logger - backup\Release\Obj\InWDT.o"
#        "F:\Work\program-iar-ucos-logger - backup\Release\Obj\iocon_11u6x.o"
#        "F:\Work\program-iar-ucos-logger - backup\Release\Obj\KEY_SCAN.o"
#        "F:\Work\program-iar-ucos-logger - backup\Release\Obj\LED.o"
#        "F:\Work\program-iar-ucos-logger - backup\Release\Obj\log.o"
#        "F:\Work\program-iar-ucos-logger - backup\Release\Obj\main.o"
#        "F:\Work\program-iar-ucos-logger - backup\Release\Obj\Memory.o"
#        "F:\Work\program-iar-ucos-logger - backup\Release\Obj\ModbusMaster.o"
#        "F:\Work\program-iar-ucos-logger - backup\Release\Obj\os_core.o"
#        "F:\Work\program-iar-ucos-logger - backup\Release\Obj\os_cpu_a.o"
#        "F:\Work\program-iar-ucos-logger - backup\Release\Obj\os_cpu_c.o"
#        "F:\Work\program-iar-ucos-logger - backup\Release\Obj\os_dbg.o"
#        "F:\Work\program-iar-ucos-logger - backup\Release\Obj\os_flag.o"
#        "F:\Work\program-iar-ucos-logger - backup\Release\Obj\os_mbox.o"
#        "F:\Work\program-iar-ucos-logger - backup\Release\Obj\os_mem.o"
#        "F:\Work\program-iar-ucos-logger - backup\Release\Obj\os_mutex.o"
#        "F:\Work\program-iar-ucos-logger - backup\Release\Obj\os_q.o"
#        "F:\Work\program-iar-ucos-logger - backup\Release\Obj\os_sem.o"
#        "F:\Work\program-iar-ucos-logger - backup\Release\Obj\os_task.o"
#        "F:\Work\program-iar-ucos-logger - backup\Release\Obj\os_time.o"
#        "F:\Work\program-iar-ucos-logger - backup\Release\Obj\os_tmr.o"
#        "F:\Work\program-iar-ucos-logger - backup\Release\Obj\pinint_11u6x.o"
#        "F:\Work\program-iar-ucos-logger - backup\Release\Obj\pmu_11u6x.o"
#        "F:\Work\program-iar-ucos-logger - backup\Release\Obj\RealTime.o"
#        "F:\Work\program-iar-ucos-logger - backup\Release\Obj\Record.o"
#        "F:\Work\program-iar-ucos-logger - backup\Release\Obj\romdiv_11u6x.o"
#        "F:\Work\program-iar-ucos-logger - backup\Release\Obj\rtc_11u6x.o"
#        "F:\Work\program-iar-ucos-logger - backup\Release\Obj\sct_11u6x.o"
#        "F:\Work\program-iar-ucos-logger - backup\Release\Obj\SlaveUnit.o"
#        "F:\Work\program-iar-ucos-logger - backup\Release\Obj\SPI.o"
#        "F:\Work\program-iar-ucos-logger - backup\Release\Obj\ssp_11u6x.o"
#        "F:\Work\program-iar-ucos-logger -
#        backup\Release\Obj\stopwatch_11u6.o" "F:\Work\program-iar-ucos-logger
#        - backup\Release\Obj\SubCollection.o" "F:\Work\program-iar-ucos-logger
#        - backup\Release\Obj\syscon_11u6x.o" "F:\Work\program-iar-ucos-logger
#        - backup\Release\Obj\sysinit.o" "F:\Work\program-iar-ucos-logger -
#        backup\Release\Obj\sysinit_11u6x.o" "F:\Work\program-iar-ucos-logger -
#        backup\Release\Obj\timer_11u6x.o" "F:\Work\program-iar-ucos-logger -
#        backup\Release\Obj\tool.o" "F:\Work\program-iar-ucos-logger -
#        backup\Release\Obj\Uart0Process.o" "F:\Work\program-iar-ucos-logger -
#        backup\Release\Obj\uart_0_11u6x.o" "F:\Work\program-iar-ucos-logger -
#        backup\Release\Obj\uart_n_11u6x.o" "F:\Work\program-iar-ucos-logger -
#        backup\Release\Obj\Update.o" "F:\Work\program-iar-ucos-logger -
#        backup\Release\Obj\Usart.o" "F:\Work\program-iar-ucos-logger -
#        backup\Release\Obj\WatchDog.o" "F:\Work\program-iar-ucos-logger -
#        backup\Release\Obj\wwdt_11u6x.o" -o "F:\Work\program-iar-ucos-logger -
#        backup\release\Exe\program-iar-ucos-logger.out.tmp" --redirect
#        _Printf=_PrintfFull --redirect _Scanf=_ScanfFull --map
#        "F:\Work\program-iar-ucos-logger -
#        backup\release\List\program-iar-ucos-logger.map" --config
#        "F:\Work\program-iar-ucos-logger - backup\NXP-program - app-A.icf"
#        --semihosting --entry __iar_program_start --vfe
#
###############################################################################

*******************************************************************************
*** RUNTIME MODEL ATTRIBUTES
***

CppFlavor       = *
__Heap_Handler  = Basic
__SystemLibrary = DLib


*******************************************************************************
*** PLACEMENT SUMMARY
***

"A1":  place at 0x00006000 { ro section .intvec };
"P1":  place in [from 0x00006000 to 0x0003ffff] { ro };
"P2":  place in [from 0x10000200 to 0x10007fff] { rw, block CSTACK, block HEAP };
initialize by copy { rw };

  Section             Kind        Address     Size  Object
  -------             ----        -------     ----  ------
"A1":                                         0xc0
  .intvec             ro code  0x00006000     0xc0  iar_startup_lpc11u6x.o [1]
                             - 0x000060c0     0xc0

"P1":                                      0x1593b
  .text               ro code  0x000060c0   0x4860  IEC104.o [1]
  .text               ro code  0x0000a920     0x60  WatchDog.o [1]
  .text               ro code  0x0000a980     0x24  printf.o [3]
  .text               ro code  0x0000a9a4    0x120  Memory.o [1]
  .text               ro code  0x0000aac4     0x58  ABImemset.o [5]
  .text               ro code  0x0000ab1c    0x2bc  DataTransferArea.o [1]
  .text               ro code  0x0000add8     0x5c  ABImemcpy.o [5]
  .text               ro code  0x0000ae34    0x6e0  GlobalVar.o [1]
  .text               ro code  0x0000b514     0xc0  RealTime.o [1]
  .text               ro code  0x0000b5d4     0x58  romdiv_11u6x.o [1]
  .text               ro code  0x0000b62c     0xcc  os_time.o [1]
  .text               ro code  0x0000b6f8   0x3ddc  SlaveUnit.o [1]
  .text               ro code  0x0000f4d4    0x25c  os_q.o [1]
  .text               ro code  0x0000f730     0x7c  CRC16.o [1]
  .text               ro code  0x0000f7ac    0x354  Record.o [1]
  .text               ro code  0x0000fb00    0x43c  DataFlash.o [1]
  .text               ro code  0x0000ff3c     0x9c  InEeprom.o [1]
  .text               ro code  0x0000ffd8     0x10  strlen.o [5]
  .text               ro code  0x0000ffe8     0x24  strncpy.o [5]
  .text               ro code  0x0001000c    0x664  log.o [1]
  .text               ro code  0x00010670     0x36  I32ToFlt.o [4]
  .text               ro code  0x000106a6     0xda  tool.o [1]
  .text               ro code  0x00010780    0x348  SubCollection.o [1]
  .text               ro code  0x00010ac8    0x148  InWDT.o [1]
  .text               ro code  0x00010c10     0x66  gpio_11u6x.o [1]
  .text               ro code  0x00010c76      0xa  xsprout.o [3]
  .text               ro code  0x00010c80    0xea2  xprintffull.o [3]
  .rodata             const    0x00011b22      0x2  os_dbg.o [1]
  CODE                ro code  0x00011b24    0x130  os_cpu_a.o [1]
  .text               ro code  0x00011c54    0x470  os_mutex.o [1]
  .text               ro code  0x000120c4     0x10  strcpy.o [5]
  .text               ro code  0x000120d4     0xe4  InRtc.o [1]
  .text               ro code  0x000121b8     0xc0  localtim.o [3]
  .text               ro code  0x00012278     0xf8  mktime.o [3]
  .text               ro code  0x00012370    0x6a8  os_core.o [1]
  .text               ro code  0x00012a18     0x28  memcmp.o [5]
  .text               ro code  0x00012a40   0x1070  ModbusMaster.o [1]
  .text               ro code  0x00013ab0     0x3a  FltToS32.o [4]
  .text               ro code  0x00013aea      0x2  iar_startup_lpc11u6x.o [1]
  .text               ro code  0x00013aec    0x990  Usart.o [1]
  .text               ro code  0x0001447c   0x13d4  Uart0Process.o [1]
  .text               ro code  0x00015850     0x20  srand.o [3]
  .text               ro code  0x00015870     0xcc  rand.o [3]
  .text               ro code  0x0001593c     0x4a  iocon_11u6x.o [1]
  .text               ro code  0x00015986      0x2  iar_startup_lpc11u6x.o [1]
  .text               ro code  0x00015988    0x2ac  SPI.o [1]
  .text               ro code  0x00015c34     0x68  eeprom.o [1]
  .text               ro code  0x00015c9c     0x1c  difftime.o [4]
  .text               ro code  0x00015cb8     0x62  DblToFlt.o [4]
  .text               ro code  0x00015d1a      0x2  iar_startup_lpc11u6x.o [1]
  .text               ro code  0x00015d1c     0x26  FltCmpLe.o [4]
  .text               ro code  0x00015d42      0x2  sysinit.o [1]
  .text               ro code  0x00015d44     0x28  FltCmpGe.o [4]
  .text               ro code  0x00015d6c     0xaa  FltDiv.o [4]
  .text               ro code  0x00015e18     0x26  FltToU32.o [4]
  .text               ro code  0x00015e40     0x54  wwdt_11u6x.o [1]
  .text               ro code  0x00015e94    0x254  clock_11u6x.o [1]
  .text               ro code  0x000160e8     0x54  syscon_11u6x.o [1]
  .text               ro code  0x0001613c     0x14  strchr.o [5]
  .text               ro code  0x00016150     0x18  memchr.o [5]
  .text               ro code  0x00016168     0x6a  I64DivMod.o [5]
  .text               ro code  0x000161d2     0x32  DblCmpLe.o [4]
  .text               ro code  0x00016204     0x32  DblCmpGe.o [4]
  .text               ro code  0x00016238     0x80  xdscale.o [4]
  .text               ro code  0x000162b8     0x52  DblToI32.o [4]
  .text               ro code  0x0001630c     0x34  I32ToDbl.o [4]
  .text               ro code  0x00016340    0x1a8  DblAddSub.o [4]
  .text               ro code  0x000164e8    0x184  DblMul.o [4]
  .text               ro code  0x0001666c     0xc2  DblDiv.o [4]
  .text               ro code  0x0001672e     0x20  div.o [3]
  .text               ro code  0x00016750     0x1e  rtc_11u6x.o [1]
  .text               ro code  0x0001676e      0x2  xtls.o [3]
  .text               ro code  0x00016770     0x29  setlocale.o [3]
  .text               ro code  0x0001679c      0x6  getzone.o [3]
  .text               ro code  0x000167a2     0x44  xgettime.o [3]
  .text               ro code  0x000167e8     0x94  xstol.o [3]
  .text               ro code  0x0001687c    0x190  xttotm.o [3]
  .text               ro code  0x00016a0c     0xc4  os_cpu_c.o [1]
  .text               ro code  0x00016ad0     0x4c  os_flag.o [1]
  .text               ro code  0x00016b1c    0x15a  os_task.o [1]
  .text               ro code  0x00016c78    0x108  uart_0_11u6x.o [1]
  .text               ro code  0x00016d80     0xe2  uart_n_11u6x.o [1]
  .text               ro code  0x00016e64     0x2c  vsprintf.o [3]
  .text               ro code  0x00016e90     0x18  vprintf.o [3]
  .text               ro code  0x00016ea8      0x8  Uart0Process.o [1]
  .text               ro code  0x00016eb0     0xcc  ssp_11u6x.o [1]
  .text               ro code  0x00016f7c     0x32  I64Mul.o [5]
  .text               ro code  0x00016fb0      0x2  I64DivZer.o [5]
  .text               ro code  0x00016fb4    0x178  xstoul.o [3]
  .text               ro code  0x0001712c     0x10  errno.o [3]
  .text               ro code  0x0001713c    0x140  xisdst.o [3]
  .text               ro code  0x0001727c     0x38  strstr.o [3]
  .text               ro code  0x000172b4    0x174  xgetdst.o [3]
  .text               ro code  0x00017428     0x88  xxmemxfree.o [3]
  .text               ro code  0x000174b0     0xb8  xxmemxmalloc.o [3]
  .text               ro code  0x00017568     0x2c  xgetmemchunk.o [3]
  .text               ro code  0x00017594   0x167c  CM.o [1]
  .text               ro code  0x00018c10     0x48  snprintf.o [3]
  .text               ro code  0x00018c58     0x1c  strcat.o [3]
  .text               ro code  0x00018c74    0x67e  main.o [1]
  .text               ro code  0x000192f4     0x14  chip_11u6x.o [1]
  .text               ro code  0x00019308    0x41c  LED.o [1]
  .text               ro code  0x00019724      0x8  abs.o [3]
  .rodata             const    0x0001972c    0x200  CRC16.o [1]
  .rodata             const    0x0001992c    0x100  CRC16.o [1]
  .rodata             const    0x00019a2c    0x100  CRC16.o [1]
  .rodata             const    0x00019b2c    0x100  os_core.o [1]
  .rodata             const    0x00019c2c     0x54  IEC104.o [1]
  .rodata             const    0x00019c80     0x54  IEC104.o [1]
  .rodata             const    0x00019cd4     0x50  IEC104.o [1]
  .rodata             const    0x00019d24     0x50  Uart0Process.o [1]
  .text               ro code  0x00019d74     0x50  InTIMER.o [1]
  .rodata             const    0x00019dc4     0x48  Uart0Process.o [1]
  .rodata             const    0x00019e0c     0x44  IEC104.o [1]
  .text               ro code  0x00019e50     0x44  board.o [1]
  .rodata             const    0x00019e94     0x40  clock_11u6x.o [1]
  .text               ro code  0x00019ed4     0x3c  zero_init3.o [5]
  .text               ro code  0x00019f10     0x3c  packbits_init_single.o [5]
  .rodata             const    0x00019f4c     0x38  SlaveUnit.o [1]
  .rodata             const    0x00019f84     0x38  Uart0Process.o [1]
  .rodata             const    0x00019fbc     0x38  Uart0Process.o [1]
  .rodata             const    0x00019ff4     0x34  SlaveUnit.o [1]
  .rodata             const    0x0001a028     0x34  SlaveUnit.o [1]
  .rodata             const    0x0001a05c     0x30  IEC104.o [1]
  .rodata             const    0x0001a08c     0x30  Record.o [1]
  .rodata             const    0x0001a0bc     0x30  SlaveUnit.o [1]
  .rodata             const    0x0001a0ec     0x30  SlaveUnit.o [1]
  .rodata             const    0x0001a11c     0x30  SlaveUnit.o [1]
  .rodata             const    0x0001a14c     0x30  Uart0Process.o [1]
  .rodata             const    0x0001a17c     0x30  Uart0Process.o [1]
  .rodata             const    0x0001a1ac     0x30  Uart0Process.o [1]
  .rodata             const    0x0001a1dc     0x30  Uart0Process.o [1]
  .rodata             const    0x0001a20c     0x30  Uart0Process.o [1]
  .rodata             const    0x0001a23c     0x30  Uart0Process.o [1]
  .rodata             const    0x0001a26c     0x30  Uart0Process.o [1]
  .rodata             const    0x0001a29c     0x2c  CM.o [1]
  .rodata             const    0x0001a2c8     0x2c  CM.o [1]
  .rodata             const    0x0001a2f4     0x28  CM.o [1]
  .rodata             const    0x0001a31c     0x28  IEC104.o [1]
  .rodata             const    0x0001a344     0x28  IEC104.o [1]
  .rodata             const    0x0001a36c     0x28  Record.o [1]
  .text               ro code  0x0001a394     0x28  data_init.o [5]
  .rodata             const    0x0001a3bc     0x24  CM.o [1]
  .rodata             const    0x0001a3e0     0x24  GlobalVar.o [1]
  .rodata             const    0x0001a404     0x24  IEC104.o [1]
  .rodata             const    0x0001a428     0x24  IEC104.o [1]
  .rodata             const    0x0001a44c     0x24  IEC104.o [1]
  .rodata             const    0x0001a470     0x24  IEC104.o [1]
  .rodata             const    0x0001a494     0x24  IEC104.o [1]
  .rodata             const    0x0001a4b8     0x24  SlaveUnit.o [1]
  .rodata             const    0x0001a4dc     0x24  SlaveUnit.o [1]
  .rodata             const    0x0001a500     0x24  SlaveUnit.o [1]
  .rodata             const    0x0001a524     0x24  SlaveUnit.o [1]
  .rodata             const    0x0001a548     0x24  SlaveUnit.o [1]
  .rodata             const    0x0001a56c     0x24  SlaveUnit.o [1]
  .rodata             const    0x0001a590     0x24  Uart0Process.o [1]
  .rodata             const    0x0001a5b4     0x24  Uart0Process.o [1]
  .text               ro code  0x0001a5d8     0x24  putchar.o [3]
  .iar.init_table     const    0x0001a5fc     0x30  - Linker created -
  .rodata             const    0x0001a62c     0x20  CM.o [1]
  .rodata             const    0x0001a64c     0x20  DataFlash.o [1]
  .rodata             const    0x0001a66c     0x20  IEC104.o [1]
  .rodata             const    0x0001a68c     0x20  IEC104.o [1]
  .rodata             const    0x0001a6ac     0x20  IEC104.o [1]
  .rodata             const    0x0001a6cc     0x20  IEC104.o [1]
  .rodata             const    0x0001a6ec     0x20  Record.o [1]
  .rodata             const    0x0001a70c     0x20  Record.o [1]
  .rodata             const    0x0001a72c     0x20  SlaveUnit.o [1]
  .rodata             const    0x0001a74c     0x20  SlaveUnit.o [1]
  .rodata             const    0x0001a76c     0x20  SlaveUnit.o [1]
  .rodata             const    0x0001a78c     0x20  SlaveUnit.o [1]
  .rodata             const    0x0001a7ac     0x20  SlaveUnit.o [1]
  .rodata             const    0x0001a7cc     0x20  SlaveUnit.o [1]
  .rodata             const    0x0001a7ec     0x20  SlaveUnit.o [1]
  .rodata             const    0x0001a80c     0x20  SlaveUnit.o [1]
  .rodata             const    0x0001a82c     0x20  Uart0Process.o [1]
  .rodata             const    0x0001a84c     0x20  Uart0Process.o [1]
  .rodata             const    0x0001a86c     0x20  Uart0Process.o [1]
  .rodata             const    0x0001a88c     0x20  Uart0Process.o [1]
  .rodata             const    0x0001a8ac     0x20  Uart0Process.o [1]
  .rodata             const    0x0001a8cc     0x1c  IEC104.o [1]
  .rodata             const    0x0001a8e8     0x1c  IEC104.o [1]
  .rodata             const    0x0001a904     0x1c  IEC104.o [1]
  .rodata             const    0x0001a920     0x1c  LED.o [1]
  .rodata             const    0x0001a93c     0x1c  log.o [1]
  .rodata             const    0x0001a958     0x1c  Record.o [1]
  .rodata             const    0x0001a974     0x1c  SlaveUnit.o [1]
  .rodata             const    0x0001a990     0x1c  SlaveUnit.o [1]
  .rodata             const    0x0001a9ac     0x1c  SlaveUnit.o [1]
  .rodata             const    0x0001a9c8     0x1c  SlaveUnit.o [1]
  .rodata             const    0x0001a9e4     0x1c  SlaveUnit.o [1]
  .rodata             const    0x0001aa00     0x1c  SubCollection.o [1]
  .rodata             const    0x0001aa1c     0x1c  SubCollection.o [1]
  .rodata             const    0x0001aa38     0x1c  Uart0Process.o [1]
  .rodata             const    0x0001aa54     0x1c  Uart0Process.o [1]
  .rodata             const    0x0001aa70     0x1c  Uart0Process.o [1]
  .rodata             const    0x0001aa8c     0x1c  Uart0Process.o [1]
  .text               ro code  0x0001aaa8     0x1c  xsnprout.o [3]
  .text               ro code  0x0001aac4     0x1a  cmain.o [5]
  .text               ro code  0x0001aade      0x4  low_level_init.o [3]
  .text               ro code  0x0001aae2      0x8  exit.o [3]
  .text               ro code  0x0001aaec      0xa  cexit.o [5]
  .text               ro code  0x0001aaf8     0x14  exit.o [6]
  .rodata             const    0x0001ab0c     0x18  CM.o [1]
  .rodata             const    0x0001ab24     0x18  GlobalVar.o [1]
  .rodata             const    0x0001ab3c     0x18  IEC104.o [1]
  .rodata             const    0x0001ab54     0x18  IEC104.o [1]
  .rodata             const    0x0001ab6c     0x18  IEC104.o [1]
  .rodata             const    0x0001ab84     0x18  IEC104.o [1]
  .rodata             const    0x0001ab9c     0x18  log.o [1]
  .rodata             const    0x0001abb4     0x18  log.o [1]
  .rodata             const    0x0001abcc     0x18  ModbusMaster.o [1]
  .rodata             const    0x0001abe4     0x18  SlaveUnit.o [1]
  .rodata             const    0x0001abfc     0x18  SlaveUnit.o [1]
  .rodata             const    0x0001ac14     0x18  SlaveUnit.o [1]
  .rodata             const    0x0001ac2c     0x18  SlaveUnit.o [1]
  .rodata             const    0x0001ac44     0x18  SlaveUnit.o [1]
  .rodata             const    0x0001ac5c     0x18  SlaveUnit.o [1]
  .rodata             const    0x0001ac74     0x18  SlaveUnit.o [1]
  .rodata             const    0x0001ac8c     0x18  SlaveUnit.o [1]
  .rodata             const    0x0001aca4     0x18  SubCollection.o [1]
  .rodata             const    0x0001acbc     0x18  Uart0Process.o [1]
  .rodata             const    0x0001acd4     0x18  Uart0Process.o [1]
  .rodata             const    0x0001acec     0x18  xprintffull.o [3]
  .text               ro code  0x0001ad04     0x16  xprout.o [3]
  .rodata             const    0x0001ad1c     0x14  CM.o [1]
  .rodata             const    0x0001ad30     0x14  CM.o [1]
  .rodata             const    0x0001ad44     0x14  CM.o [1]
  .rodata             const    0x0001ad58     0x14  DataFlash.o [1]
  .rodata             const    0x0001ad6c     0x14  DataTransferArea.o [1]
  .rodata             const    0x0001ad80     0x14  GlobalVar.o [1]
  .rodata             const    0x0001ad94     0x14  IEC104.o [1]
  .rodata             const    0x0001ada8     0x14  IEC104.o [1]
  .rodata             const    0x0001adbc     0x14  IEC104.o [1]
  .rodata             const    0x0001add0     0x14  IEC104.o [1]
  .rodata             const    0x0001ade4     0x14  IEC104.o [1]
  .rodata             const    0x0001adf8     0x14  IEC104.o [1]
  .rodata             const    0x0001ae0c     0x14  log.o [1]
  .rodata             const    0x0001ae20     0x14  log.o [1]
  .rodata             const    0x0001ae34     0x14  log.o [1]
  .rodata             const    0x0001ae48     0x14  main.o [1]
  .rodata             const    0x0001ae5c     0x14  ModbusMaster.o [1]
  .rodata             const    0x0001ae70     0x14  ModbusMaster.o [1]
  .rodata             const    0x0001ae84     0x14  SlaveUnit.o [1]
  .rodata             const    0x0001ae98     0x14  SlaveUnit.o [1]
  .rodata             const    0x0001aeac     0x14  SlaveUnit.o [1]
  .rodata             const    0x0001aec0     0x14  SlaveUnit.o [1]
  .rodata             const    0x0001aed4     0x14  SlaveUnit.o [1]
  .rodata             const    0x0001aee8     0x14  Uart0Process.o [1]
  .rodata             const    0x0001aefc     0x14  Uart0Process.o [1]
  .rodata             const    0x0001af10     0x14  Uart0Process.o [1]
  .rodata             const    0x0001af24     0x14  Uart0Process.o [1]
  .rodata             const    0x0001af38     0x14  Uart0Process.o [1]
  .rodata             const    0x0001af4c     0x14  Uart0Process.o [1]
  .rodata             const    0x0001af60     0x14  Uart0Process.o [1]
  .rodata             const    0x0001af74     0x14  Uart0Process.o [1]
  .rodata             const    0x0001af88     0x14  Uart0Process.o [1]
  .rodata             const    0x0001af9c     0x14  Uart0Process.o [1]
  .rodata             const    0x0001afb0     0x14  Uart0Process.o [1]
  .rodata             const    0x0001afc4     0x14  Uart0Process.o [1]
  .rodata             const    0x0001afd8     0x14  Uart0Process.o [1]
  .rodata             const    0x0001afec     0x14  Uart0Process.o [1]
  .rodata             const    0x0001b000     0x14  Uart0Process.o [1]
  .rodata             const    0x0001b014     0x14  Uart0Process.o [1]
  .rodata             const    0x0001b028     0x10  CM.o [1]
  .rodata             const    0x0001b038     0x10  CM.o [1]
  .rodata             const    0x0001b048     0x10  CM.o [1]
  .rodata             const    0x0001b058     0x10  CM.o [1]
  .rodata             const    0x0001b068     0x10  CM.o [1]
  .rodata             const    0x0001b078     0x10  CM.o [1]
  .rodata             const    0x0001b088     0x10  CM.o [1]
  .rodata             const    0x0001b098     0x10  CM.o [1]
  .rodata             const    0x0001b0a8     0x10  CM.o [1]
  .rodata             const    0x0001b0b8     0x10  CM.o [1]
  .rodata             const    0x0001b0c8     0x10  CM.o [1]
  .rodata             const    0x0001b0d8     0x10  CM.o [1]
  .rodata             const    0x0001b0e8     0x10  CM.o [1]
  .rodata             const    0x0001b0f8     0x10  CM.o [1]
  .rodata             const    0x0001b108     0x10  CM.o [1]
  .rodata             const    0x0001b118     0x10  CM.o [1]
  .rodata             const    0x0001b128     0x10  CM.o [1]
  .rodata             const    0x0001b138     0x10  CM.o [1]
  .rodata             const    0x0001b148     0x10  CM.o [1]
  .rodata             const    0x0001b158     0x10  CM.o [1]
  .rodata             const    0x0001b168     0x10  CM.o [1]
  .rodata             const    0x0001b178     0x10  DataTransferArea.o [1]
  .rodata             const    0x0001b188     0x10  GlobalVar.o [1]
  .rodata             const    0x0001b198     0x10  GlobalVar.o [1]
  .rodata             const    0x0001b1a8     0x10  GlobalVar.o [1]
  .rodata             const    0x0001b1b8     0x10  IEC104.o [1]
  .rodata             const    0x0001b1c8     0x10  IEC104.o [1]
  .rodata             const    0x0001b1d8     0x10  IEC104.o [1]
  .rodata             const    0x0001b1e8     0x10  IEC104.o [1]
  .rodata             const    0x0001b1f8     0x10  IEC104.o [1]
  .rodata             const    0x0001b208     0x10  IEC104.o [1]
  .rodata             const    0x0001b218     0x10  IEC104.o [1]
  .rodata             const    0x0001b228     0x10  IEC104.o [1]
  .rodata             const    0x0001b238     0x10  IEC104.o [1]
  .rodata             const    0x0001b248     0x10  IEC104.o [1]
  .rodata             const    0x0001b258     0x10  IEC104.o [1]
  .rodata             const    0x0001b268     0x10  IEC104.o [1]
  .rodata             const    0x0001b278     0x10  ModbusMaster.o [1]
  .rodata             const    0x0001b288     0x10  ModbusMaster.o [1]
  .rodata             const    0x0001b298     0x10  SlaveUnit.o [1]
  .rodata             const    0x0001b2a8     0x10  SlaveUnit.o [1]
  .rodata             const    0x0001b2b8     0x10  SlaveUnit.o [1]
  .rodata             const    0x0001b2c8     0x10  Uart0Process.o [1]
  .rodata             const    0x0001b2d8     0x10  Uart0Process.o [1]
  .rodata             const    0x0001b2e8     0x10  Uart0Process.o [1]
  .rodata             const    0x0001b2f8     0x10  Uart0Process.o [1]
  .rodata             const    0x0001b308     0x10  Uart0Process.o [1]
  .rodata             const    0x0001b318     0x10  Uart0Process.o [1]
  .rodata             const    0x0001b328     0x10  Uart0Process.o [1]
  .rodata             const    0x0001b338     0x10  Uart0Process.o [1]
  .rodata             const    0x0001b348     0x10  Uart0Process.o [1]
  .rodata             const    0x0001b358     0x10  Uart0Process.o [1]
  .rodata             const    0x0001b368     0x10  Uart0Process.o [1]
  .rodata             const    0x0001b378     0x10  Uart0Process.o [1]
  .rodata             const    0x0001b388     0x10  Uart0Process.o [1]
  .rodata             const    0x0001b398     0x10  Uart0Process.o [1]
  .rodata             const    0x0001b3a8     0x10  Uart0Process.o [1]
  .rodata             const    0x0001b3b8     0x10  Uart0Process.o [1]
  .rodata             const    0x0001b3c8     0x10  Uart0Process.o [1]
  .rodata             const    0x0001b3d8     0x10  Uart0Process.o [1]
  .rodata             const    0x0001b3e8     0x10  Uart0Process.o [1]
  .text               ro code  0x0001b3f8     0x10  iar_startup_lpc11u6x.o [1]
  .rodata             const    0x0001b408      0xc  CM.o [1]
  .rodata             const    0x0001b414      0xc  CM.o [1]
  .rodata             const    0x0001b420      0xc  CM.o [1]
  .rodata             const    0x0001b42c      0xc  CM.o [1]
  .rodata             const    0x0001b438      0xc  CM.o [1]
  .rodata             const    0x0001b444      0xc  CM.o [1]
  .rodata             const    0x0001b450      0xc  CM.o [1]
  .rodata             const    0x0001b45c      0xc  CM.o [1]
  .rodata             const    0x0001b468      0xc  CM.o [1]
  .rodata             const    0x0001b474      0xc  CM.o [1]
  .rodata             const    0x0001b480      0xc  CM.o [1]
  .rodata             const    0x0001b48c      0xc  CM.o [1]
  .rodata             const    0x0001b498      0xc  CM.o [1]
  .rodata             const    0x0001b4a4      0xc  CM.o [1]
  .rodata             const    0x0001b4b0      0xc  CM.o [1]
  .rodata             const    0x0001b4bc      0xc  CM.o [1]
  .rodata             const    0x0001b4c8      0xc  CM.o [1]
  .rodata             const    0x0001b4d4      0xc  CM.o [1]
  .rodata             const    0x0001b4e0      0xc  CM.o [1]
  .rodata             const    0x0001b4ec      0xc  CM.o [1]
  .rodata             const    0x0001b4f8      0xc  CM.o [1]
  .rodata             const    0x0001b504      0xc  CM.o [1]
  .rodata             const    0x0001b510      0xc  CM.o [1]
  .rodata             const    0x0001b51c      0xc  CM.o [1]
  .rodata             const    0x0001b528      0xc  CM.o [1]
  .rodata             const    0x0001b534      0xc  GlobalVar.o [1]
  .rodata             const    0x0001b540      0xc  IEC104.o [1]
  .rodata             const    0x0001b54c      0xc  IEC104.o [1]
  .rodata             const    0x0001b558      0xc  IEC104.o [1]
  .rodata             const    0x0001b564      0xc  IEC104.o [1]
  .rodata             const    0x0001b570      0xc  IEC104.o [1]
  .rodata             const    0x0001b57c      0xc  IEC104.o [1]
  .rodata             const    0x0001b588      0xc  IEC104.o [1]
  .rodata             const    0x0001b594      0xc  IEC104.o [1]
  .rodata             const    0x0001b5a0      0xc  IEC104.o [1]
  .rodata             const    0x0001b5ac      0xc  IEC104.o [1]
  .rodata             const    0x0001b5b8      0xc  IEC104.o [1]
  .rodata             const    0x0001b5c4      0xc  IEC104.o [1]
  .rodata             const    0x0001b5d0      0xc  IEC104.o [1]
  .rodata             const    0x0001b5dc      0xc  IEC104.o [1]
  .rodata             const    0x0001b5e8      0xc  ModbusMaster.o [1]
  .rodata             const    0x0001b5f4      0xc  ModbusMaster.o [1]
  .rodata             const    0x0001b600      0xc  SlaveUnit.o [1]
  .rodata             const    0x0001b60c      0xc  SlaveUnit.o [1]
  .rodata             const    0x0001b618      0xc  SlaveUnit.o [1]
  .rodata             const    0x0001b624      0xc  SlaveUnit.o [1]
  .rodata             const    0x0001b630      0xc  SlaveUnit.o [1]
  .rodata             const    0x0001b63c      0xc  SlaveUnit.o [1]
  .rodata             const    0x0001b648      0xc  Uart0Process.o [1]
  .rodata             const    0x0001b654      0xc  Uart0Process.o [1]
  .rodata             const    0x0001b660      0xc  Uart0Process.o [1]
  .rodata             const    0x0001b66c      0xc  Uart0Process.o [1]
  .rodata             const    0x0001b678      0xc  Uart0Process.o [1]
  .rodata             const    0x0001b684      0xc  Uart0Process.o [1]
  .rodata             const    0x0001b690      0xc  Uart0Process.o [1]
  .rodata             const    0x0001b69c      0xc  Uart0Process.o [1]
  .rodata             const    0x0001b6a8      0xc  Uart0Process.o [1]
  .rodata             const    0x0001b6b4      0xc  Uart0Process.o [1]
  .rodata             const    0x0001b6c0      0xc  Uart0Process.o [1]
  .rodata             const    0x0001b6cc      0xc  Uart0Process.o [1]
  .rodata             const    0x0001b6d8      0xc  Uart0Process.o [1]
  .rodata             const    0x0001b6e4      0xc  Uart0Process.o [1]
  .rodata             const    0x0001b6f0      0xc  Uart0Process.o [1]
  .rodata             const    0x0001b6fc      0xc  Uart0Process.o [1]
  .rodata             const    0x0001b708      0xc  Uart0Process.o [1]
  .rodata             const    0x0001b714      0xc  Uart0Process.o [1]
  .rodata             const    0x0001b720      0xc  Uart0Process.o [1]
  .rodata             const    0x0001b72c      0xc  Uart0Process.o [1]
  .rodata             const    0x0001b738      0xc  Uart0Process.o [1]
  .rodata             const    0x0001b744      0xc  Uart0Process.o [1]
  .rodata             const    0x0001b750      0xc  Uart0Process.o [1]
  .rodata             const    0x0001b75c      0xc  Uart0Process.o [1]
  .rodata             const    0x0001b768      0xc  Usart.o [1]
  .text               ro code  0x0001b774      0xc  cstartup_M.o [5]
  .rodata             const    0x0001b780      0x8  CM.o [1]
  .rodata             const    0x0001b788      0x8  CM.o [1]
  .rodata             const    0x0001b790      0x8  CM.o [1]
  .rodata             const    0x0001b798      0x8  CM.o [1]
  .rodata             const    0x0001b7a0      0x8  CM.o [1]
  .rodata             const    0x0001b7a8      0x8  CM.o [1]
  .rodata             const    0x0001b7b0      0x8  CM.o [1]
  .rodata             const    0x0001b7b8      0x8  CM.o [1]
  .rodata             const    0x0001b7c0      0x8  CM.o [1]
  .rodata             const    0x0001b7c8      0x8  CM.o [1]
  .rodata             const    0x0001b7d0      0x8  CM.o [1]
  .rodata             const    0x0001b7d8      0x8  CM.o [1]
  .rodata             const    0x0001b7e0      0x8  CM.o [1]
  .rodata             const    0x0001b7e8      0x8  CM.o [1]
  .rodata             const    0x0001b7f0      0x8  CM.o [1]
  .rodata             const    0x0001b7f8      0x8  CM.o [1]
  .rodata             const    0x0001b800      0x8  CM.o [1]
  .rodata             const    0x0001b808      0x8  CM.o [1]
  .rodata             const    0x0001b810      0x8  CM.o [1]
  .rodata             const    0x0001b818      0x8  CM.o [1]
  .rodata             const    0x0001b820      0x8  GlobalVar.o [1]
  .rodata             const    0x0001b828      0x8  IEC104.o [1]
  .rodata             const    0x0001b830      0x8  IEC104.o [1]
  .rodata             const    0x0001b838      0x8  IEC104.o [1]
  .rodata             const    0x0001b840      0x8  IEC104.o [1]
  .rodata             const    0x0001b848      0x8  IEC104.o [1]
  .rodata             const    0x0001b850      0x8  IEC104.o [1]
  .rodata             const    0x0001b858      0x8  IEC104.o [1]
  .rodata             const    0x0001b860      0x8  IEC104.o [1]
  .rodata             const    0x0001b868      0x8  LED.o [1]
  .rodata             const    0x0001b870      0x8  ModbusMaster.o [1]
  .rodata             const    0x0001b878      0x8  Uart0Process.o [1]
  .rodata             const    0x0001b880      0x8  Uart0Process.o [1]
  .rodata             const    0x0001b888      0x8  Uart0Process.o [1]
  .rodata             const    0x0001b890      0x8  Uart0Process.o [1]
  .rodata             const    0x0001b898      0x8  Uart0Process.o [1]
  .rodata             const    0x0001b8a0      0x8  Uart0Process.o [1]
  .rodata             const    0x0001b8a8      0x8  Uart0Process.o [1]
  .rodata             const    0x0001b8b0      0x8  Uart0Process.o [1]
  .rodata             const    0x0001b8b8      0x8  Uart0Process.o [1]
  .rodata             const    0x0001b8c0      0x8  Uart0Process.o [1]
  .rodata             const    0x0001b8c8      0x8  Uart0Process.o [1]
  .rodata             const    0x0001b8d0      0x8  Uart0Process.o [1]
  .rodata             const    0x0001b8d8      0x8  Uart0Process.o [1]
  .rodata             const    0x0001b8e0      0x8  Uart0Process.o [1]
  .rodata             const    0x0001b8e8      0x8  Uart0Process.o [1]
  .rodata             const    0x0001b8f0      0x8  Uart0Process.o [1]
  .rodata             const    0x0001b8f8      0x8  Uart0Process.o [1]
  .rodata             const    0x0001b900      0x8  Uart0Process.o [1]
  .rodata             const    0x0001b908      0x8  Uart0Process.o [1]
  .rodata             const    0x0001b910      0x8  Uart0Process.o [1]
  .rodata             const    0x0001b918      0x8  Uart0Process.o [1]
  .rodata             const    0x0001b920      0x8  Uart0Process.o [1]
  .rodata             const    0x0001b928      0x8  Uart0Process.o [1]
  .rodata             const    0x0001b930      0x8  Uart0Process.o [1]
  .rodata             const    0x0001b938      0x8  Uart0Process.o [1]
  .rodata             const    0x0001b940      0x8  Uart0Process.o [1]
  .rodata             const    0x0001b948      0x4  board.o [1]
  .rodata             const    0x0001b94c      0x4  board.o [1]
  .text               ro code  0x0001b950      0x4  iar_startup_lpc11u6x.o [1]
  .rodata             const    0x0001b954      0x0  zero_init3.o [5]
  .rodata             const    0x0001b954      0x0  packbits_init_single.o [5]
  Initializer bytes   const    0x0001b954     0xa7  <for P2-1>
                             - 0x0001b9fb  0x1593b

"P2", part 1 of 3:                           0x3bf
  P2-1                         0x10000200    0x3bf  <Init block>
    .data             inited   0x10000200    0x214  CM.o [1]
    .data             inited   0x10000414      0x4  IEC104.o [1]
    .data             inited   0x10000418     0x3c  Usart.o [1]
    .data             inited   0x10000454     0x3c  Usart.o [1]
    .data             inited   0x10000490     0x3c  Usart.o [1]
    .data             inited   0x100004cc     0x14  Usart.o [1]
    __DLIB_PERTHREAD  inited   0x100004e0      0x8  localtim.o [3]
    __DLIB_PERTHREAD  inited   0x100004e8     0x8c  rand.o [3]
    __DLIB_PERTHREAD  inited   0x10000574      0x8  setlocale.o [3]
    __DLIB_PERTHREAD  inited   0x1000057c     0x2c  xttotm.o [3]
    __DLIB_PERTHREAD  inited   0x100005a8      0x4  errno.o [3]
    __DLIB_PERTHREAD  inited   0x100005ac      0x4  xisdst.o [3]
    __DLIB_PERTHREAD  inited   0x100005b0      0x4  xisdstData.o [3]
    .data             inited   0x100005b4      0x2  ModbusMaster.o [1]
    .data             inited   0x100005b6      0x1  CM.o [1]
    .data             inited   0x100005b7      0x1  CM.o [1]
    .data             inited   0x100005b8      0x1  IEC104.o [1]
    .data             inited   0x100005b9      0x1  IEC104.o [1]
    .data             inited   0x100005ba      0x1  IEC104.o [1]
    .data             inited   0x100005bb      0x1  IEC104.o [1]
    .data             inited   0x100005bc      0x1  ModbusMaster.o [1]
    .data             inited   0x100005bd      0x1  SlaveUnit.o [1]
    .data             inited   0x100005be      0x1  SlaveUnit.o [1]
                             - 0x100005bf    0x3bf

"P2", part 2 of 3:                           0xc00
  CSTACK                       0x100005c0    0x400  <Block>
    CSTACK            uninit   0x100005c0    0x400  <Block tail>
  HEAP                         0x100009c0    0x800  <Block>
    HEAP              uninit   0x100009c0    0x800  <Block tail>
                             - 0x100011c0    0xc00

"P2", part 3 of 3:                          0x6a58
  .bss                zero     0x100011c0   0x4000  Memory.o [1]
  .bss                zero     0x100051c0    0x400  SlaveUnit.o [1]
  .bss                zero     0x100055c0    0x318  os_core.o [1]
  .bss                zero     0x100058d8    0x2e0  SlaveUnit.o [1]
  .bss                zero     0x10005bb8    0x200  IEC104.o [1]
  .bss                zero     0x10005db8    0x200  Memory.o [1]
  .bss                zero     0x10005fb8    0x200  Usart.o [1]
  .bss                zero     0x100061b8    0x200  Usart.o [1]
  .bss                zero     0x100063b8    0x200  Usart.o [1]
  .bss                zero     0x100065b8    0x160  CM.o [1]
  .bss                zero     0x10006718    0x140  os_core.o [1]
  .bss                zero     0x10006858    0x13c  GlobalVar.o [1]
  .bss                zero     0x10006994    0x100  CM.o [1]
  .bss                zero     0x10006a94    0x100  CM.o [1]
  .bss                zero     0x10006b94    0x100  LED.o [1]
  .bss                zero     0x10006c94    0x100  ModbusMaster.o [1]
  .bss                zero     0x10006d94    0x100  os_core.o [1]
  .bss                zero     0x10006e94    0x100  SlaveUnit.o [1]
  .bss                zero     0x10006f94    0x100  SlaveUnit.o [1]
  .bss                zero     0x10007094    0x100  Usart.o [1]
  .bss                zero     0x10007194     0xd8  GlobalVar.o [1]
  .bss                zero     0x1000726c     0xc8  IEC104.o [1]
  .bss                zero     0x10007334     0xc8  ModbusMaster.o [1]
  .bss                zero     0x100073fc     0xc8  Uart0Process.o [1]
  .bss                zero     0x100074c4     0xc0  IEC104.o [1]
  .bss                zero     0x10007584     0xb8  GlobalVar.o [1]
  .bss                zero     0x1000763c     0xb8  IEC104.o [1]
  .bss                zero     0x100076f4     0x88  GlobalVar.o [1]
  .bss                zero     0x1000777c     0x78  os_core.o [1]
  .bss                zero     0x100077f4     0x64  IEC104.o [1]
  .bss                zero     0x10007858     0x5c  DataTransferArea.o [1]
  .bss                zero     0x100078b4     0x50  os_core.o [1]
  .bss                zero     0x10007904     0x40  Usart.o [1]
  .bss                zero     0x10007944     0x3c  GlobalVar.o [1]
  .bss                zero     0x10007980     0x2c  os_core.o [1]
  .bss                zero     0x100079ac     0x28  GlobalVar.o [1]
  .bss                zero     0x100079d4     0x28  GlobalVar.o [1]
  .bss                zero     0x100079fc     0x28  GlobalVar.o [1]
  .bss                zero     0x10007a24     0x24  GlobalVar.o [1]
  .bss                zero     0x10007a48     0x20  Usart.o [1]
  .bss                zero     0x10007a68     0x1c  GlobalVar.o [1]
  .bss                zero     0x10007a84     0x18  SlaveUnit.o [1]
  .bss                zero     0x10007a9c     0x10  GlobalVar.o [1]
  .bss                zero     0x10007aac     0x10  SlaveUnit.o [1]
  .bss                zero     0x10007abc     0x10  SlaveUnit.o [1]
  .bss                zero     0x10007acc      0x8  IEC104.o [1]
  .bss                zero     0x10007ad4      0x8  IEC104.o [1]
  .bss                zero     0x10007adc      0x8  IEC104.o [1]
  .bss                zero     0x10007ae4      0x8  log.o [1]
  .bss                zero     0x10007aec      0x8  RealTime.o [1]
  .bss                zero     0x10007af4      0x8  Record.o [1]
  .bss                zero     0x10007afc      0x8  xxmemxmalloc.o [3]
  .bss                zero     0x10007b04      0x4  chip_11u6x.o [1]
  .bss                zero     0x10007b08      0x4  CM.o [1]
  .bss                zero     0x10007b0c      0x4  CM.o [1]
  .bss                zero     0x10007b10      0x4  CM.o [1]
  .bss                zero     0x10007b14      0x4  CM.o [1]
  .bss                zero     0x10007b18      0x4  CM.o [1]
  .bss                zero     0x10007b1c      0x4  DataFlash.o [1]
  .bss                zero     0x10007b20      0x4  DataTransferArea.o [1]
  .bss                zero     0x10007b24      0x4  DataTransferArea.o [1]
  .bss                zero     0x10007b28      0x4  DataTransferArea.o [1]
  .bss                zero     0x10007b2c      0x4  DataTransferArea.o [1]
  .bss                zero     0x10007b30      0x4  DataTransferArea.o [1]
  .bss                zero     0x10007b34      0x4  GlobalVar.o [1]
  .bss                zero     0x10007b38      0x4  IEC104.o [1]
  .bss                zero     0x10007b3c      0x4  IEC104.o [1]
  .bss                zero     0x10007b40      0x4  IEC104.o [1]
  .bss                zero     0x10007b44      0x4  IEC104.o [1]
  .bss                zero     0x10007b48      0x4  IEC104.o [1]
  .bss                zero     0x10007b4c      0x4  IEC104.o [1]
  .bss                zero     0x10007b50      0x4  IEC104.o [1]
  .bss                zero     0x10007b54      0x4  IEC104.o [1]
  .bss                zero     0x10007b58      0x4  IEC104.o [1]
  .bss                zero     0x10007b5c      0x4  IEC104.o [1]
  .bss                zero     0x10007b60      0x4  IEC104.o [1]
  .bss                zero     0x10007b64      0x4  IEC104.o [1]
  .bss                zero     0x10007b68      0x4  IEC104.o [1]
  .bss                zero     0x10007b6c      0x4  IEC104.o [1]
  .bss                zero     0x10007b70      0x4  IEC104.o [1]
  .bss                zero     0x10007b74      0x4  InRtc.o [1]
  .bss                zero     0x10007b78      0x4  LED.o [1]
  .bss                zero     0x10007b7c      0x4  log.o [1]
  .bss                zero     0x10007b80      0x4  os_core.o [1]
  .bss                zero     0x10007b84      0x4  os_core.o [1]
  .bss                zero     0x10007b88      0x4  os_core.o [1]
  .bss                zero     0x10007b8c      0x4  os_core.o [1]
  .bss                zero     0x10007b90      0x4  os_core.o [1]
  .bss                zero     0x10007b94      0x4  os_core.o [1]
  .bss                zero     0x10007b98      0x4  os_core.o [1]
  .bss                zero     0x10007b9c      0x4  os_core.o [1]
  .bss                zero     0x10007ba0      0x4  os_core.o [1]
  .bss                zero     0x10007ba4      0x4  os_core.o [1]
  .bss                zero     0x10007ba8      0x4  RealTime.o [1]
  .bss                zero     0x10007bac      0x4  SlaveUnit.o [1]
  .bss                zero     0x10007bb0      0x4  SlaveUnit.o [1]
  .bss                zero     0x10007bb4      0x4  SlaveUnit.o [1]
  .bss                zero     0x10007bb8      0x4  SlaveUnit.o [1]
  .bss                zero     0x10007bbc      0x4  SlaveUnit.o [1]
  .bss                zero     0x10007bc0      0x4  SlaveUnit.o [1]
  .bss                zero     0x10007bc4      0x4  SlaveUnit.o [1]
  .bss                zero     0x10007bc8      0x4  SlaveUnit.o [1]
  .bss                zero     0x10007bcc      0x4  Uart0Process.o [1]
  .bss                zero     0x10007bd0      0x4  xgetmemchunk.o [3]
  .bss                zero     0x10007bd4      0x2  IEC104.o [1]
  .bss                zero     0x10007bd6      0x2  IEC104.o [1]
  .bss                zero     0x10007bd8      0x2  IEC104.o [1]
  .bss                zero     0x10007bda      0x2  IEC104.o [1]
  .bss                zero     0x10007bdc      0x2  IEC104.o [1]
  .bss                zero     0x10007bde      0x2  IEC104.o [1]
  .bss                zero     0x10007be0      0x2  IEC104.o [1]
  .bss                zero     0x10007be2      0x2  IEC104.o [1]
  .bss                zero     0x10007be4      0x2  IEC104.o [1]
  .bss                zero     0x10007be6      0x2  IEC104.o [1]
  .bss                zero     0x10007be8      0x2  IEC104.o [1]
  .bss                zero     0x10007bea      0x2  IEC104.o [1]
  .bss                zero     0x10007bec      0x2  os_core.o [1]
  .bss                zero     0x10007bee      0x2  Uart0Process.o [1]
  .bss                zero     0x10007bf0      0x1  CM.o [1]
  .bss                zero     0x10007bf1      0x1  CM.o [1]
  .bss                zero     0x10007bf2      0x1  CM.o [1]
  .bss                zero     0x10007bf3      0x1  CM.o [1]
  .bss                zero     0x10007bf4      0x1  CM.o [1]
  .bss                zero     0x10007bf5      0x1  CM.o [1]
  .bss                zero     0x10007bf6      0x1  GlobalVar.o [1]
  .bss                zero     0x10007bf7      0x1  GlobalVar.o [1]
  .bss                zero     0x10007bf8      0x1  IEC104.o [1]
  .bss                zero     0x10007bf9      0x1  IEC104.o [1]
  .bss                zero     0x10007bfa      0x1  IEC104.o [1]
  .bss                zero     0x10007bfb      0x1  IEC104.o [1]
  .bss                zero     0x10007bfc      0x1  IEC104.o [1]
  .bss                zero     0x10007bfd      0x1  IEC104.o [1]
  .bss                zero     0x10007bfe      0x1  IEC104.o [1]
  .bss                zero     0x10007bff      0x1  IEC104.o [1]
  .bss                zero     0x10007c00      0x1  IEC104.o [1]
  .bss                zero     0x10007c01      0x1  os_core.o [1]
  .bss                zero     0x10007c02      0x1  os_core.o [1]
  .bss                zero     0x10007c03      0x1  os_core.o [1]
  .bss                zero     0x10007c04      0x1  os_core.o [1]
  .bss                zero     0x10007c05      0x1  os_core.o [1]
  .bss                zero     0x10007c06      0x1  os_core.o [1]
  .bss                zero     0x10007c07      0x1  os_core.o [1]
  .bss                zero     0x10007c08      0x1  os_core.o [1]
  .bss                zero     0x10007c09      0x1  Record.o [1]
  .bss                zero     0x10007c0a      0x1  SlaveUnit.o [1]
  .bss                zero     0x10007c0b      0x1  SlaveUnit.o [1]
  .bss                zero     0x10007c0c      0x1  SlaveUnit.o [1]
  .bss                zero     0x10007c0d      0x1  SlaveUnit.o [1]
  .bss                zero     0x10007c0e      0x1  SlaveUnit.o [1]
  .bss                zero     0x10007c0f      0x1  SlaveUnit.o [1]
  .bss                zero     0x10007c10      0x1  SlaveUnit.o [1]
  .bss                zero     0x10007c11      0x1  SlaveUnit.o [1]
  .bss                zero     0x10007c12      0x1  SlaveUnit.o [1]
  .bss                zero     0x10007c13      0x1  SlaveUnit.o [1]
  .bss                zero     0x10007c14      0x1  Uart0Process.o [1]
  .bss                zero     0x10007c15      0x1  Uart0Process.o [1]
  .bss                zero     0x10007c16      0x1  uart_n_11u6x.o [1]
  .bss                zero     0x10007c17      0x1  WatchDog.o [1]
                             - 0x10007c18   0x6a58

Absolute sections, part 1 of 2:              0x800
  .bss                zero     0x20000000    0x400  CM.o [1]
  .bss                zero     0x20000400    0x400  IEC104.o [1]
                             - 0x20000800    0x800

Absolute sections, part 2 of 2:              0x600
  .bss                zero     0x20004000    0x400  SlaveUnit.o [1]
  .bss                zero     0x20004400    0x200  Uart0Process.o [1]
                             - 0x20004600    0x600


*******************************************************************************
*** INIT TABLE
***

          Address     Size
          -------     ----
Zero (__iar_zero_init3)
    3 destination ranges, total size 0x7858:
          0x100011c0  0x6a58
          0x20000000   0x800
          0x20004000   0x600

Copy/packbits (__iar_packbits_init_single3)
    1 source range, total size 0xa7 (17% of destination):
          0x0001b954    0xa7
    1 destination range, total size 0x3bf:
          0x10000200   0x3bf



*******************************************************************************
*** MODULE SUMMARY
***

    Module                  ro code  ro data  rw data  rw data
                                                        (abs)
    ------                  -------  -------  -------  -------
F:\Work\program-iar-ucos-logger - backup\Release\Obj: [1]
    CM.o                      5 756    1 168    1 424    1 024
    CRC16.o                     124    1 024
    DataFlash.o               1 084       52        4
    DataTransferArea.o          700       36      112
    GlobalVar.o               1 760      148    1 118
    IEC104.o                 18 528    1 478    1 313    1 024
    InEeprom.o                  156
    InRtc.o                     228                 4
    InTIMER.o                    80
    InWDT.o                     328
    LED.o                     1 052       36      260
    Memory.o                    288            16 896
    ModbusMaster.o            4 208      128      459
    RealTime.o                  192                12
    Record.o                    852      180        9
    SPI.o                       684
    SlaveUnit.o              15 836    1 329    2 372    1 024
    SubCollection.o             840       80
    Uart0Process.o            5 084    2 112      208      512
    Usart.o                   2 448       47    2 088
    WatchDog.o                   96                 1
    board.o                      68        8
    chip_11u6x.o                 20                 4
    clock_11u6x.o               596       64
    eeprom.o                    104
    gpio_11u6x.o                102
    iar_startup_lpc11u6x.o      218
    iocon_11u6x.o                74
    log.o                     1 636      136       12
    main.o                    1 662       20
    os_core.o                 1 704      256    1 662
    os_cpu_a.o                  304
    os_cpu_c.o                  196
    os_dbg.o                               2
    os_flag.o                    76
    os_mutex.o                1 136
    os_q.o                      604
    os_task.o                   346
    os_time.o                   204
    romdiv_11u6x.o               88
    rtc_11u6x.o                  30
    ssp_11u6x.o                 204
    syscon_11u6x.o               84
    sysinit.o                     2
    tool.o                      218
    uart_0_11u6x.o              264
    uart_n_11u6x.o              226                 1
    wwdt_11u6x.o                 84
    ----------------------------------------------------------
    Total:                   70 574    8 304   27 959    3 584

command line: [2]
    ----------------------------------------------------------
    Total:

dl6M_tln.a: [3]
    abs.o                         8
    div.o                        32
    errno.o                      16        1        4
    exit.o                        8
    getzone.o                     6
    localtim.o                  192        1        8
    low_level_init.o              4
    mktime.o                    248
    printf.o                     36
    putchar.o                    36
    rand.o                      204       24      140
    setlocale.o                  41        2        8
    snprintf.o                   72
    srand.o                      32
    strcat.o                     28
    strstr.o                     56
    vprintf.o                    24
    vsprintf.o                   44
    xgetdst.o                   372
    xgetmemchunk.o               44                 4
    xgettime.o                   68
    xisdst.o                    320        1        4
    xisdstData.o                           1        4
    xprintffull.o             3 746       24
    xprout.o                     22
    xsnprout.o                   28
    xsprout.o                    10
    xstol.o                     148
    xstoul.o                    376
    xtls.o                        2
    xttotm.o                    400        7       44
    xxmemxfree.o                136
    xxmemxmalloc.o              184                 8
    ----------------------------------------------------------
    Total:                    6 943       61      224

m6M_tl.a: [4]
    DblAddSub.o                 424
    DblCmpGe.o                   50
    DblCmpLe.o                   50
    DblDiv.o                    194
    DblMul.o                    388
    DblToFlt.o                   98
    DblToI32.o                   82
    FltCmpGe.o                   40
    FltCmpLe.o                   38
    FltDiv.o                    170
    FltToS32.o                   58
    FltToU32.o                   38
    I32ToDbl.o                   52
    I32ToFlt.o                   54
    difftime.o                   28
    xdscale.o                   128
    ----------------------------------------------------------
    Total:                    1 892

rt6M_tl.a: [5]
    ABImemcpy.o                  92
    ABImemset.o                  88
    I64DivMod.o                 106
    I64DivZer.o                   2
    I64Mul.o                     50
    cexit.o                      10
    cmain.o                      26
    cstartup_M.o                 12
    data_init.o                  40
    memchr.o                     24
    memcmp.o                     40
    packbits_init_single.o       60
    strchr.o                     20
    strcpy.o                     16
    strlen.o                     16
    strncpy.o                    36
    zero_init3.o                 60
    ----------------------------------------------------------
    Total:                      698

shb_l.a: [6]
    exit.o                       20
    ----------------------------------------------------------
    Total:                       20

    Gaps                         29        2
    Linker created                        48    3 072
--------------------------------------------------------------
    Grand Total:             80 156    8 415   31 255    3 584


*******************************************************************************
*** ENTRY LIST
***

Entry                      Address    Size  Type      Object
-----                      -------    ----  ----      ------
.iar.init_table$$Base   0x0001a5fc           --   Gb  - Linker created -
.iar.init_table$$Limit  0x0001a62c           --   Gb  - Linker created -
?main                   0x0001aac5          Code  Gb  cmain.o [5]
AlarmAck                0x0000ef4d   0x186  Code  Gb  SlaveUnit.o [1]
AlarmAddDev             0x0000eb4d    0x5a  Code  Gb  SlaveUnit.o [1]
AlarmCheckout           0x0000ebd5   0x364  Code  Gb  SlaveUnit.o [1]
AlarmCheckout::s_uAlarmTimeOut
                        0x10007bc0     0x4  Data  Lc  SlaveUnit.o [1]
AlarmCheckout::s_uPowerOffAlarmTimeOut
                        0x10007bc4     0x4  Data  Lc  SlaveUnit.o [1]
AlarmReport             0x0000f0dd   0x10e  Code  Gb  SlaveUnit.o [1]
AllReset                0x0000b22d   0x274  Code  Gb  GlobalVar.o [1]
BOD_WDT_IRQHandler      0x00010b47    0x32  Code  Gb  InWDT.o [1]
Board_UARTPutChar       0x00019e83     0xe  Code  Gb  board.o [1]
CRC16                   0x0000f731    0x34  Code  Gb  CRC16.o [1]
CSTACK$$Base            0x100005c0           --   Gb  - Linker created -
CSTACK$$Limit           0x100009c0           --   Gb  - Linker created -
CalculateCRC            0x0000f765    0x3c  Code  Gb  CRC16.o [1]
CheckDevState           0x0000f36d    0x5a  Code  Gb  SlaveUnit.o [1]
CheckTarget             0x00010813    0x76  Code  Gb  SubCollection.o [1]
Chip_Clock_EnablePeriphClock
                        0x00010c11    0x10  Code  Lc  gpio_11u6x.o [1]
Chip_Clock_EnablePeriphClock
                        0x00018d51    0x10  Code  Lc  main.o [1]
Chip_Clock_EnablePeriphClock
                        0x00016751    0x10  Code  Lc  rtc_11u6x.o [1]
Chip_Clock_EnablePeriphClock
                        0x000159bf    0x10  Code  Lc  SPI.o [1]
Chip_Clock_EnablePeriphClock
                        0x00016c79    0x10  Code  Lc  uart_0_11u6x.o [1]
Chip_Clock_EnablePeriphClock
                        0x00016db7    0x10  Code  Lc  uart_n_11u6x.o [1]
Chip_Clock_EnablePeriphClock
                        0x00015e41    0x10  Code  Lc  wwdt_11u6x.o [1]
Chip_Clock_EnableRTCOsc
                        0x000120d5     0x8  Code  Lc  InRtc.o [1]
Chip_Clock_GetIntOscRate
                        0x00015efb     0x4  Code  Lc  clock_11u6x.o [1]
Chip_Clock_GetMainClockRate
                        0x00016069    0x34  Code  Gb  clock_11u6x.o [1]
Chip_Clock_GetMainOscRate
                        0x00015ef5     0x6  Code  Lc  clock_11u6x.o [1]
Chip_Clock_GetPLLFreq   0x00015f25     0xe  Code  Lc  clock_11u6x.o [1]
Chip_Clock_GetRTCOscRate
                        0x00015eff     0x6  Code  Lc  clock_11u6x.o [1]
Chip_Clock_GetSSP0ClockDiv
                        0x00016eb1     0x6  Code  Lc  ssp_11u6x.o [1]
Chip_Clock_GetSSP1ClockDiv
                        0x00016eb7     0x6  Code  Lc  ssp_11u6x.o [1]
Chip_Clock_GetSystemClockRate
                        0x0001609d    0x10  Code  Gb  clock_11u6x.o [1]
Chip_Clock_GetSystemPLLInClockRate
                        0x00016027    0x30  Code  Gb  clock_11u6x.o [1]
Chip_Clock_GetSystemPLLOutClockRate
                        0x00016057    0x12  Code  Gb  clock_11u6x.o [1]
Chip_Clock_GetUSARTNBaseClockDiv
                        0x00015ed3     0x6  Code  Lc  clock_11u6x.o [1]
Chip_Clock_GetUSARTNBaseClockRate
                        0x00015f33    0x62  Code  Gb  clock_11u6x.o [1]
Chip_Clock_GetUSARTNFRGDivider
                        0x00015ee1     0x6  Code  Lc  clock_11u6x.o [1]
Chip_Clock_GetUSARTNFRGMultiplier
                        0x00015eef     0x6  Code  Lc  clock_11u6x.o [1]
Chip_Clock_GetWDTOSCRate
                        0x0001601b     0xc  Code  Gb  clock_11u6x.o [1]
Chip_Clock_GetWDTRate   0x00015f05    0x20  Code  Lc  clock_11u6x.o [1]
Chip_Clock_IsSystemPLLLocked
                        0x00018d3f     0xc  Code  Lc  main.o [1]
Chip_Clock_SetMainClockSource
                        0x00016007    0x14  Code  Gb  clock_11u6x.o [1]
Chip_Clock_SetSSP0ClockDiv
                        0x000159cf     0x6  Code  Lc  SPI.o [1]
Chip_Clock_SetSSP1ClockDiv
                        0x000159d5     0x6  Code  Lc  SPI.o [1]
Chip_Clock_SetSysClockDiv
                        0x00018d4b     0x6  Code  Lc  main.o [1]
Chip_Clock_SetSystemPLLSource
                        0x00015ff3    0x14  Code  Gb  clock_11u6x.o [1]
Chip_Clock_SetUSART0ClockDiv
                        0x00016c89     0x6  Code  Lc  uart_0_11u6x.o [1]
Chip_Clock_SetUSARTNBaseClockDiv
                        0x00015ecb     0x8  Code  Lc  clock_11u6x.o [1]
Chip_Clock_SetUSARTNBaseClockRate
                        0x00015f95    0x5e  Code  Gb  clock_11u6x.o [1]
Chip_Clock_SetUSARTNFRGDivider
                        0x00015ed9     0x8  Code  Lc  clock_11u6x.o [1]
Chip_Clock_SetUSARTNFRGMultiplier
                        0x00015ee7     0x8  Code  Lc  clock_11u6x.o [1]
Chip_Clock_SetWDTOSC    0x00010ae5    0x14  Code  Lc  InWDT.o [1]
Chip_Clock_SetupSystemPLL
                        0x00018d29    0x16  Code  Lc  main.o [1]
Chip_EEPROM_Read        0x00015c69    0x2c  Code  Gb  eeprom.o [1]
Chip_EEPROM_Write       0x00015c3d    0x2c  Code  Gb  eeprom.o [1]
Chip_FMC_SetFLASHAccess
                        0x00018d71    0x12  Code  Lc  main.o [1]
Chip_GPIO_Init          0x00010c25     0xa  Code  Gb  gpio_11u6x.o [1]
Chip_GPIO_SetPinToggle  0x000175a5    0x14  Code  Lc  CM.o [1]
Chip_GPIO_SetPinToggle  0x00019319    0x14  Code  Lc  LED.o [1]
Chip_GPIO_SetPinToggle  0x0000a921    0x14  Code  Lc  WatchDog.o [1]
Chip_GPIO_WriteDirBit   0x00010c2f    0x48  Code  Gb  gpio_11u6x.o [1]
Chip_GPIO_WritePortBit  0x00017595    0x10  Code  Lc  CM.o [1]
Chip_GPIO_WritePortBit  0x0000fb01    0x10  Code  Lc  DataFlash.o [1]
Chip_GPIO_WritePortBit  0x00019309    0x10  Code  Lc  LED.o [1]
Chip_GPIO_WritePortBit  0x00018d61    0x10  Code  Lc  main.o [1]
Chip_GPIO_WritePortBit  0x00013afb    0x10  Code  Lc  Usart.o [1]
Chip_IOCON_PinMuxSet    0x0001593d    0x4a  Code  Gb  iocon_11u6x.o [1]
Chip_RTC_Disable        0x0001210d     0xa  Code  Lc  InRtc.o [1]
Chip_RTC_DisableOptions
                        0x000120e5     0x8  Code  Lc  InRtc.o [1]
Chip_RTC_Enable         0x00012103     0xa  Code  Lc  InRtc.o [1]
Chip_RTC_Enable1KHZ     0x00012117     0xa  Code  Lc  InRtc.o [1]
Chip_RTC_EnableOptions  0x000120dd     0x8  Code  Lc  InRtc.o [1]
Chip_RTC_GetCount       0x0001212d     0x4  Code  Lc  InRtc.o [1]
Chip_RTC_GetStatus      0x00012121     0x4  Code  Lc  InRtc.o [1]
Chip_RTC_Init           0x00016765     0xa  Code  Gb  rtc_11u6x.o [1]
Chip_RTC_Reset          0x000120ed    0x16  Code  Lc  InRtc.o [1]
Chip_RTC_SetAlarm       0x00012125     0x4  Code  Lc  InRtc.o [1]
Chip_RTC_SetCount       0x00012129     0x4  Code  Lc  InRtc.o [1]
Chip_SSP_ClearIntPending
                        0x00015a11     0x6  Code  Lc  SPI.o [1]
Chip_SSP_Enable         0x000159db     0xa  Code  Lc  SPI.o [1]
Chip_SSP_GetPCLKkRate   0x00016ec9    0x32  Code  Lc  ssp_11u6x.o [1]
Chip_SSP_GetRawIntStatus
                        0x000159fb    0x16  Code  Lc  SPI.o [1]
Chip_SSP_GetStatus      0x000159e5    0x16  Code  Lc  SPI.o [1]
Chip_SSP_ReceiveFrame   0x00015a17     0x6  Code  Lc  SPI.o [1]
Chip_SSP_SendFrame      0x00015a1d     0x6  Code  Lc  SPI.o [1]
Chip_SSP_SetBitRate     0x00016f3d    0x40  Code  Gb  ssp_11u6x.o [1]
Chip_SSP_SetClockRate   0x00016efb    0x1a  Code  Gb  ssp_11u6x.o [1]
Chip_SSP_SetFormat      0x00015a23    0x14  Code  Lc  SPI.o [1]
Chip_SSP_SetMaster      0x00016f25    0x18  Code  Gb  ssp_11u6x.o [1]
Chip_SSP_Set_Mode       0x00016ebd     0xc  Code  Lc  ssp_11u6x.o [1]
Chip_SYSCTL_AssertPeriphReset
                        0x00015e95    0x10  Code  Lc  clock_11u6x.o [1]
Chip_SYSCTL_AssertPeriphReset
                        0x00015989    0x10  Code  Lc  SPI.o [1]
Chip_SYSCTL_AssertPeriphReset
                        0x00016d81    0x10  Code  Lc  uart_n_11u6x.o [1]
Chip_SYSCTL_DeassertPeriphReset
                        0x00015ea5    0x10  Code  Lc  clock_11u6x.o [1]
Chip_SYSCTL_DeassertPeriphReset
                        0x00015999    0x10  Code  Lc  SPI.o [1]
Chip_SYSCTL_DeassertPeriphReset
                        0x00016d91    0x10  Code  Lc  uart_n_11u6x.o [1]
Chip_SYSCTL_PeriphReset
                        0x00015eb5    0x16  Code  Lc  clock_11u6x.o [1]
Chip_SYSCTL_PeriphReset
                        0x000159a9    0x16  Code  Lc  SPI.o [1]
Chip_SYSCTL_PeriphReset
                        0x00016da1    0x16  Code  Lc  uart_n_11u6x.o [1]
Chip_SYSCTL_PowerDown   0x000160f7    0x1c  Code  Gb  syscon_11u6x.o [1]
Chip_SYSCTL_PowerUp     0x00016113    0x1a  Code  Gb  syscon_11u6x.o [1]
Chip_SYSCTL_SetDeepSleepPD
                        0x000160e9     0xe  Code  Gb  syscon_11u6x.o [1]
Chip_TIMER_ClearMatch   0x00019d85     0x8  Code  Lc  InTIMER.o [1]
Chip_TIMER_MatchPending
                        0x00019d75    0x10  Code  Lc  InTIMER.o [1]
Chip_UART0_ConfigData   0x00013b31     0x4  Code  Lc  Usart.o [1]
Chip_UART0_DisableDivisorAccess
                        0x00016cad     0xa  Code  Lc  uart_0_11u6x.o [1]
Chip_UART0_EnableDivisorAccess
                        0x00016ca3     0xa  Code  Lc  uart_0_11u6x.o [1]
Chip_UART0_Init         0x00016cc5    0x1e  Code  Gb  uart_0_11u6x.o [1]
Chip_UART0_IntDisable   0x00013b25     0x8  Code  Lc  Usart.o [1]
Chip_UART0_IntEnable    0x00013b1d     0x8  Code  Lc  Usart.o [1]
Chip_UART0_ReadByte     0x00013b17     0x6  Code  Lc  Usart.o [1]
Chip_UART0_ReadLineStatus
                        0x00016cc1     0x4  Code  Lc  uart_0_11u6x.o [1]
Chip_UART0_ReadLineStatus
                        0x00013b35     0x4  Code  Lc  Usart.o [1]
Chip_UART0_Send         0x00016ce3    0x2a  Code  Gb  uart_0_11u6x.o [1]
Chip_UART0_SendBlocking
                        0x00016d0d    0x24  Code  Gb  uart_0_11u6x.o [1]
Chip_UART0_SendByte     0x00016c99     0x6  Code  Lc  uart_0_11u6x.o [1]
Chip_UART0_SendByte     0x00013b11     0x6  Code  Lc  Usart.o [1]
Chip_UART0_SetBaud      0x00016d31    0x50  Code  Gb  uart_0_11u6x.o [1]
Chip_UART0_SetDivisorLatches
                        0x00016cb7     0xa  Code  Lc  uart_0_11u6x.o [1]
Chip_UART0_SetupFIFOS   0x00016c9f     0x4  Code  Lc  uart_0_11u6x.o [1]
Chip_UART0_SetupFIFOS   0x00013b2d     0x4  Code  Lc  Usart.o [1]
Chip_UART0_TXEnable     0x00013b0b     0x6  Code  Lc  Usart.o [1]
Chip_UARTN_ConfigData   0x00013b63     0xc  Code  Lc  Usart.o [1]
Chip_UARTN_Enable       0x00013b39     0xa  Code  Lc  Usart.o [1]
Chip_UARTN_EnableClock  0x00016de1    0x1e  Code  Lc  uart_n_11u6x.o [1]
Chip_UARTN_GetStatus    0x00013b6f     0x4  Code  Lc  Usart.o [1]
Chip_UARTN_Init         0x00016dff    0x32  Code  Gb  uart_n_11u6x.o [1]
Chip_UARTN_IntDisable   0x00013b5f     0x4  Code  Lc  Usart.o [1]
Chip_UARTN_IntEnable    0x00013b5b     0x4  Code  Lc  Usart.o [1]
Chip_UARTN_ReadByte     0x00013b53     0x8  Code  Lc  Usart.o [1]
Chip_UARTN_SendByte     0x00013b4d     0x6  Code  Lc  Usart.o [1]
Chip_UARTN_SetBaud      0x00016e49    0x1a  Code  Gb  uart_n_11u6x.o [1]
Chip_UARTN_TXEnable     0x00013b43     0xa  Code  Lc  Usart.o [1]
Chip_WWDT_ClearStatusFlag
                        0x00015e79    0x1c  Code  Gb  wwdt_11u6x.o [1]
Chip_WWDT_Feed          0x00010afd     0xa  Code  Lc  InWDT.o [1]
Chip_WWDT_Feed          0x0000a935     0xa  Code  Lc  WatchDog.o [1]
Chip_WWDT_GetStatus     0x00010b39     0x4  Code  Lc  InWDT.o [1]
Chip_WWDT_Init          0x00015e51    0x1c  Code  Gb  wwdt_11u6x.o [1]
Chip_WWDT_SelClockSource
                        0x00010b3d     0xa  Code  Lc  InWDT.o [1]
Chip_WWDT_SetOption     0x00010b0f     0x8  Code  Lc  InWDT.o [1]
Chip_WWDT_SetTimeOut    0x00010af9     0x4  Code  Lc  InWDT.o [1]
Chip_WWDT_SetWarning    0x00010b07     0x4  Code  Lc  InWDT.o [1]
Chip_WWDT_SetWindow     0x00010b0b     0x4  Code  Lc  InWDT.o [1]
Chip_WWDT_Start         0x00010b25    0x14  Code  Lc  InWDT.o [1]
Chip_WWDT_UnsetOption   0x00010b17     0xe  Code  Lc  InWDT.o [1]
CmDelRecLink            0x0000ac43    0x24  Code  Gb  DataTransferArea.o [1]
CmDelSendLink           0x0000ac67    0x24  Code  Gb  DataTransferArea.o [1]
CmInit                  0x0001789d   0xc8c  Code  Gb  CM.o [1]
CmInit::s_uReOpen       0x10007bf2     0x1  Data  Lc  CM.o [1]
CmInit::s_uRinitCount   0x10007bf1     0x1  Data  Lc  CM.o [1]
CmInit::s_uRound        0x10007bf0     0x1  Data  Lc  CM.o [1]
CmInit::s_uStep         0x100005b6     0x1  Data  Lc  CM.o [1]
CmLinkInit              0x0000ab2d    0x2e  Code  Gb  DataTransferArea.o [1]
CmReadRecLink           0x0000aba9    0x32  Code  Gb  DataTransferArea.o [1]
CmReadSendLink          0x0000ac11    0x32  Code  Gb  DataTransferArea.o [1]
CmRecLinkLen            0x0000ab5b     0xc  Code  Gb  DataTransferArea.o [1]
CmSendLinkLen           0x0000ab67     0xc  Code  Gb  DataTransferArea.o [1]
CmStoreRecLink          0x0000ab73    0x36  Code  Gb  DataTransferArea.o [1]
CmStoreSendLink         0x0000abdb    0x36  Code  Gb  DataTransferArea.o [1]
CollectData             0x00010889   0x204  Code  Gb  SubCollection.o [1]
ComMasterRead           0x00013165   0x6f0  Code  Gb  ModbusMaster.o [1]
ComMasterRead::check_crc
                        0x100005b4     0x2  Data  Lc  ModbusMaster.o [1]
ComMasterReadDiscovery  0x00013875   0x216  Code  Gb  ModbusMaster.o [1]
ComMasterReadDiscovery::uSetAddr
                        0x100005bc     0x1  Data  Lc  ModbusMaster.o [1]
ComMasterWrite          0x00012a69   0x6e2  Code  Gb  ModbusMaster.o [1]
CopyData                0x0001000d    0x94  Code  Gb  log.o [1]
Crystal_oscillator_Init2
                        0x0001915d   0x11a  Code  Gb  main.o [1]
DT1000ReadDataflashData
                        0x0000d5dd    0x80  Code  Gb  SlaveUnit.o [1]
DT1000ReadDataflashData::nAllDataLen
                        0x10007bbc     0x4  Data  Lc  SlaveUnit.o [1]
DTEsnChange             0x0000b72f    0x4e  Code  Gb  SlaveUnit.o [1]
DataFlashInit           0x0000fb29    0x56  Code  Gb  DataFlash.o [1]
DataFlash_Block_Erase   0x0000fc95    0x7e  Code  Gb  DataFlash.o [1]
DataFlash_Read          0x0000fea1    0x94  Code  Gb  DataFlash.o [1]
DataFlash_Read_ID       0x0000fb7f    0x86  Code  Gb  DataFlash.o [1]
DataFlash_Sector_Erase  0x0000fd13    0x7e  Code  Gb  DataFlash.o [1]
DataFlash_WaitBusy      0x0000fc39    0x5c  Code  Gb  DataFlash.o [1]
DataFlash_Write         0x0000fe0d    0x8a  Code  Gb  DataFlash.o [1]
DataFlash_WriteEnable   0x0000fc05    0x34  Code  Gb  DataFlash.o [1]
DataFlash_WritePP       0x0000fd99    0x74  Code  Gb  DataFlash.o [1]
DataFormat              0x10007b4c     0x4  Data  Gb  IEC104.o [1]
DataFormat_BreakOut     0x10007b50     0x4  Data  Gb  IEC104.o [1]
DataInit                0x00018fa5   0x174  Code  Gb  main.o [1]
Data_resend_count       0x10007bf8     0x1  Data  Gb  IEC104.o [1]
DealCmd                 0x000147ed   0xdf8  Code  Gb  Uart0Process.o [1]
DealCmd::uPreSet        0x10007c15     0x1  Data  Lc  Uart0Process.o [1]
DeviceInit              0x00018e91    0xcc  Code  Gb  main.o [1]
EepReadData             0x0000ff3d    0x3e  Code  Gb  InEeprom.o [1]
EepSavedata             0x0000ff7b    0x5e  Code  Gb  InEeprom.o [1]
EepUpdataMes            0x0001928d    0x66  Code  Gb  main.o [1]
EmptyAddr               0x0000bc59    0x24  Code  Gb  SlaveUnit.o [1]
FEED_DOG                0x0000a95b    0x1e  Code  Gb  WatchDog.o [1]
FreeRamSpace            0x0000aa8b    0x28  Code  Gb  Memory.o [1]
GetCsq                  0x000177ef    0x7e  Code  Gb  CM.o [1]
GetDeviceYcDataPosition
                        0x0000670d   0x18e  Code  Gb  IEC104.o [1]
GetDeviceYcDataPosition_BreakOut
                        0x000068a9   0x142  Code  Gb  IEC104.o [1]
GetInRtcCount           0x00012187     0xa  Code  Gb  InRtc.o [1]
GetRecordAllow          0x0000f7b3     0x6  Code  Gb  Record.o [1]
GetVerS1                0x0000ae39     0x4  Code  Gb  GlobalVar.o [1]
GetVerS2                0x0000ae3d     0x4  Code  Gb  GlobalVar.o [1]
GetVerS3                0x0000ae41     0x4  Code  Gb  GlobalVar.o [1]
GetVerType              0x0000ae35     0x4  Code  Gb  GlobalVar.o [1]
HEAP$$Base              0x100009c0           --   Gb  - Linker created -
HEAP$$Limit             0x100011c0           --   Gb  - Linker created -
HardFault_Handler       0x00014445     0xa  Code  Gb  Usart.o [1]
HwDeviceEsn             0x0000b77d    0xa4  Code  Gb  SlaveUnit.o [1]
HwDeviceNew             0x0000bc11    0x48  Code  Gb  SlaveUnit.o [1]
HwDeviceReport          0x0000bafd   0x114  Code  Gb  SlaveUnit.o [1]
HwDeviceReport::uDataHead
                        0x10007c0c     0x1  Data  Lc  SlaveUnit.o [1]
HwDeviceSoft            0x0000b821    0x88  Code  Gb  SlaveUnit.o [1]
HwSoftChange            0x0000b8a9    0xf8  Code  Gb  SlaveUnit.o [1]
I2Str                   0x00010713    0x6e  Code  Gb  tool.o [1]
IEC104_DATA_DD          0x10007b48     0x4  Data  Gb  IEC104.o [1]
IEC104_DATA_SD          0x10007b44     0x4  Data  Gb  IEC104.o [1]
IEC104_DATA_YC          0x10007b3c     0x4  Data  Gb  IEC104.o [1]
IEC104_DATA_YK          0x10007b40     0x4  Data  Gb  IEC104.o [1]
IEC104_DATA_YX          0x10007b38     0x4  Data  Gb  IEC104.o [1]
Iec104CommMode          0x00008b31    0x5e  Code  Gb  IEC104.o [1]
Iec104DT1000Update      0x00008069   0x5a0  Code  Lc  IEC104.o [1]
Iec104DT1000Update::s_uRecAll
                        0x10007be0     0x2  Data  Lc  IEC104.o [1]
Iec104DT1000Update::s_uRecseq
                        0x10007bde     0x2  Data  Lc  IEC104.o [1]
Iec104DT1000Update::s_uUpdateMark
                        0x10007bfd     0x1  Data  Lc  IEC104.o [1]
Iec104DT1000Update::uFileStateIO
                        0x10007bff     0x1  Data  Lc  IEC104.o [1]
Iec104DT1000Update::uFrameLen
                        0x10007bfe     0x1  Data  Lc  IEC104.o [1]
Iec104DT1000Update::uUpdateDataAllLen
                        0x10007b60     0x4  Data  Lc  IEC104.o [1]
Iec104DevReportAck      0x00007b45    0x3c  Code  Gb  IEC104.o [1]
Iec104HandleDelHwDev    0x000091d1    0xe4  Code  Gb  IEC104.o [1]
Iec104HandleEsn         0x00008ef1    0x82  Code  Gb  IEC104.o [1]
Iec104HandleHwEsnRenovate
                        0x00009117    0x42  Code  Gb  IEC104.o [1]
Iec104HandleHwSoftRenovate
                        0x00009159    0x70  Code  Gb  IEC104.o [1]
Iec104HandleLoggerModel
                        0x00009009    0x82  Code  Gb  IEC104.o [1]
Iec104HandleLoggerName  0x00009095    0x82  Code  Gb  IEC104.o [1]
Iec104HandleLoggerType  0x00008f79    0x82  Code  Gb  IEC104.o [1]
Iec104HandleModBusBd    0x00008789   0x166  Code  Gb  IEC104.o [1]
Iec104HandleModBusEndian
                        0x0000869b    0xc2  Code  Gb  IEC104.o [1]
Iec104HandleReboot      0x00009353    0x80  Code  Gb  IEC104.o [1]
Iec104HandleReset       0x000092cd    0x86  Code  Gb  IEC104.o [1]
Iec104IP                0x00008621    0x7a  Code  Gb  IEC104.o [1]
Iec104InputTable        0x00006ed9   0x612  Code  Gb  IEC104.o [1]
Iec104InquireVer        0x0000897f    0x6a  Code  Gb  IEC104.o [1]
Iec104LogExport         0x00008cc9   0x214  Code  Gb  IEC104.o [1]
Iec104LogExport::Iaddr  0x10007b68     0x4  Data  Lc  IEC104.o [1]
Iec104LogExport::counts
                        0x10007b6c     0x4  Data  Lc  IEC104.o [1]
Iec104LogExport::uLogDataFlash
                        0x10007b64     0x4  Data  Lc  IEC104.o [1]
Iec104LogExport::uMenLogData
                        0x1000726c    0xc8  Data  Lc  IEC104.o [1]
Iec104LoggerRollBack    0x000089ed    0xa2  Code  Lc  IEC104.o [1]
Iec104LoggerUpdate      0x00007ba5   0x49a  Code  Lc  IEC104.o [1]
Iec104LoggerUpdate::s_uRecAll
                        0x10007bdc     0x2  Data  Lc  IEC104.o [1]
Iec104LoggerUpdate::s_uRecseq
                        0x10007bda     0x2  Data  Lc  IEC104.o [1]
Iec104LoggerUpdate::s_uUpdateMark
                        0x10007bfc     0x1  Data  Lc  IEC104.o [1]
Iec104PhoneNum          0x00008a8f    0x9a  Code  Gb  IEC104.o [1]
Iec104PublicAddr        0x000088ef    0x90  Code  Gb  IEC104.o [1]
Iec104ReportMaxDevice   0x00006c3f    0x28  Code  Gb  IEC104.o [1]
Iec104SD                0x000095bd   0x26e  Code  Gb  IEC104.o [1]
Iec104ServiceIP         0x00008b8f   0x12e  Code  Gb  IEC104.o [1]
Iec104SouthDevInfo      0x00007991   0x1b4  Code  Gb  IEC104.o [1]
Iec104SyncTime          0x00006d09   0x1b8  Code  Gb  IEC104.o [1]
Iec104SyncTime::uSysTimeMark
                        0x10007bfa     0x1  Data  Lc  IEC104.o [1]
Iec104TableState        0x00007509   0x346  Code  Gb  IEC104.o [1]
Iec104TimeCollectPre    0x000093d3    0xba  Code  Gb  IEC104.o [1]
Iec104Yk                0x000094a5    0xfc  Code  Gb  IEC104.o [1]
IecAddrConvert          0x00006c81    0x36  Code  Gb  IEC104.o [1]
IecCollectProcess       0x00009ba1   0x5ec  Code  Gb  IEC104.o [1]
IecCollectProcess::Record_RelAddr
                        0x10007c00     0x1  Data  Lc  IEC104.o [1]
IecCollectProcess::s_uIecHead
                        0x10007be2     0x2  Data  Lc  IEC104.o [1]
IecCollectProcess::uPointCount
                        0x10007be4     0x2  Data  Lc  IEC104.o [1]
IecCpoyMesAddr          0x00006c67    0x1a  Code  Gb  IEC104.o [1]
IecCreateFrameI         0x00006a01    0x6c  Code  Gb  IEC104.o [1]
IecInit                 0x000060f1   0x36c  Code  Gb  IEC104.o [1]
IecProcessFrameI        0x00009855   0x22a  Code  Lc  IEC104.o [1]
IecProcessFrameS        0x00006b23    0x6c  Code  Lc  IEC104.o [1]
IecProcessFrameU        0x00006ba1    0x9e  Code  Lc  IEC104.o [1]
IecReportLogInfo        0x00006a75    0xae  Code  Gb  IEC104.o [1]
IecReportSouthDevice    0x0000786d   0x118  Code  Gb  IEC104.o [1]
IecReportSouthDevice::uRelAddr
                        0x10007bfb     0x1  Data  Lc  IEC104.o [1]
IecSubSCollect          0x0000a1b1   0x74c  Code  Gb  IEC104.o [1]
IecSubSCollect::RegistCount
                        0x10007be8     0x2  Data  Lc  IEC104.o [1]
IecSubSCollect::sAllSum
                        0x10007bea     0x2  Data  Lc  IEC104.o [1]
IecSubSCollect::uNeedReadFlash
                        0x10007b70     0x4  Data  Lc  IEC104.o [1]
IecSubSCollect::uPerDeviceSum
                        0x10007be6     0x2  Data  Lc  IEC104.o [1]
IecSubSCollect::uRecord
[...]
SouthUpdataSoftChange   0x0000d80d    0x76  Code  Gb  SlaveUnit.o [1]
SouthWriteSD            0x0000e591    0x92  Code  Gb  SlaveUnit.o [1]
SouthWriteYk            0x0000e189   0x186  Code  Gb  SlaveUnit.o [1]
Str2UI                  0x000106cd    0x46  Code  Gb  tool.o [1]
SysMesInit              0x0000ab1d    0x10  Code  Gb  DataTransferArea.o [1]
SysTick_Config          0x00018cf9    0x30  Code  Lc  main.o [1]
SysTick_Handler         0x00016a7b    0x1e  Code  Gb  os_cpu_c.o [1]
SystemCoreClock         0x10007b04     0x4  Data  Gb  chip_11u6x.o [1]
SystemCoreClockUpdate   0x000192f5     0xc  Code  Gb  chip_11u6x.o [1]
SystemInit              0x00015d43     0x2  Code  Gb  sysinit.o [1]
TIMER16_0_IRQHandler    0x00019da5    0x18  Code  Gb  InTIMER.o [1]
TIMER32_1_IRQHandler    0x00019d8d    0x18  Code  Gb  InTIMER.o [1]
TaskIec104Process       0x00009a85    0xe8  Code  Gb  IEC104.o [1]
TaskIec104ProcessStk    0x20000400   0x400  Data  Gb  IEC104.o [1]
TaskLedCtrl             0x0001969d    0x6a  Code  Gb  LED.o [1]
TaskLedCtrlStk          0x10006b94   0x100  Data  Gb  LED.o [1]
TaskModemProcess        0x0001859d   0x61c  Code  Gb  CM.o [1]
TaskModemProcess::s_uMainInit
                        0x100005b7     0x1  Data  Lc  CM.o [1]
TaskModemProcess::s_uReadStep
                        0x10007bf5     0x1  Data  Lc  CM.o [1]
TaskModemProcess::s_uReadTimeMark
                        0x10007b14     0x4  Data  Lc  CM.o [1]
TaskModemProcess::s_uTimeForCsq
                        0x10007b18     0x4  Data  Lc  CM.o [1]
TaskModemProcess::s_uWriteStep
                        0x10007bf4     0x1  Data  Lc  CM.o [1]
TaskModemProcess::s_uWriteTimeMark
                        0x10007b10     0x4  Data  Lc  CM.o [1]
TaskModemProcess::uCmInitStep
                        0x10007bf3     0x1  Data  Lc  CM.o [1]
TaskModemProcessStk     0x20000000   0x400  Data  Gb  CM.o [1]
TaskSouthInquire        0x0000dcf9   0x46a  Code  Gb  SlaveUnit.o [1]
TaskSouthInquire::uSigleUpdate
                        0x10007c12     0x1  Data  Lc  SlaveUnit.o [1]
TaskSouthInquire::uSouthStep
                        0x10007c11     0x1  Data  Lc  SlaveUnit.o [1]
TaskSouthInquireStk     0x20004000   0x400  Data  Gb  SlaveUnit.o [1]
TaskSouthWrite          0x0000eb0b    0x3e  Code  Gb  SlaveUnit.o [1]
TaskSouthWriteStk       0x100051c0   0x400  Data  Gb  SlaveUnit.o [1]
TaskUart0ProcesStk      0x20004400   0x200  Data  Gb  Uart0Process.o [1]
TaskUart0Process        0x0001467d    0xd8  Code  Gb  Uart0Process.o [1]
TimeGapJudge            0x00012a41    0x26  Code  Gb  ModbusMaster.o [1]
TimeOut                 0x000106a7    0x26  Code  Gb  tool.o [1]
TimeToLong              0x0000f7b9    0x32  Code  Gb  Record.o [1]
TimedReboot             0x0000f3dd    0xb2  Code  Gb  SlaveUnit.o [1]
TimedReboot::uRandTime  0x100005be     0x1  Data  Lc  SlaveUnit.o [1]
TimedReboot::uRebotMark
                        0x10007c13     0x1  Data  Lc  SlaveUnit.o [1]
TimedReboot::uStartTime
                        0x10007bc8     0x4  Data  Lc  SlaveUnit.o [1]
TxBufIsEmpty            0x00013f9b    0x12  Code  Lc  Usart.o [1]
TxFifoInMult            0x0001404d    0x5e  Code  Lc  Usart.o [1]
TxTifoOut               0x000140ab    0x3e  Code  Lc  Usart.o [1]
USART0_IRQHandler       0x000143e5    0x60  Code  Gb  Usart.o [1]
USART1_4_IRQHandler     0x0001446d     0x8  Code  Gb  Usart.o [1]
USART2_3_IRQHandler     0x00014475     0x8  Code  Gb  Usart.o [1]
USART_tab               0x100004cc    0x14  Data  Lc  Usart.o [1]
Uart0Init               0x000140e9    0x50  Code  Lc  Usart.o [1]
Uart0Io                 0x00013b73     0x2  Code  Gb  Usart.o [1]
Uart0Rec                0x00013b97     0x2  Code  Gb  Usart.o [1]
Uart0Send               0x00013bbb     0x2  Code  Gb  Usart.o [1]
Uart3Io                 0x00013b75    0x20  Code  Gb  Usart.o [1]
Uart3Rec                0x00013b99    0x20  Code  Gb  Usart.o [1]
Uart3Send               0x00013bbd    0x20  Code  Gb  Usart.o [1]
Uart4Io                 0x00013b95     0x2  Code  Gb  Usart.o [1]
Uart4Rec                0x00013bb9     0x2  Code  Gb  Usart.o [1]
Uart4Send               0x00013bdd     0x2  Code  Gb  Usart.o [1]
UartClear               0x00013c57    0x74  Code  Gb  Usart.o [1]
UartClearRecBuffer      0x00013d15    0x4a  Code  Gb  Usart.o [1]
UartClearSendBuffer     0x00013ccb    0x4a  Code  Gb  Usart.o [1]
UartInit                0x00014141   0x170  Code  Gb  Usart.o [1]
UartRead                0x00013e83    0x8e  Code  Gb  Usart.o [1]
UartRxLen               0x00013bff    0x2c  Code  Gb  Usart.o [1]
UartShowBytes           0x00013f19    0x68  Code  Gb  Usart.o [1]
UartTxLen               0x00013c2b    0x2c  Code  Gb  Usart.o [1]
UartUpdate              0x00015635   0x1e4  Code  Gb  Uart0Process.o [1]
UartUpdate::uFrameCount
                        0x10007bee     0x2  Data  Lc  Uart0Process.o [1]
UartWrite               0x00013d65   0x11e  Code  Gb  Usart.o [1]
Usart3Isr               0x000142b1    0x96  Code  Gb  Usart.o [1]
Usart4Isr               0x00014355    0x90  Code  Gb  Usart.o [1]
WDEBUGOUT               0x0001448b    0x5a  Code  Gb  Uart0Process.o [1]
WMemFree                0x0000aa3d    0x4e  Code  Gb  Memory.o [1]
WMemMalloc              0x0000a9a5    0x98  Code  Gb  Memory.o [1]
WatchDog_Init           0x0000a93f    0x1c  Code  Gb  WatchDog.o [1]
WriteModem              0x0001772b    0x12  Code  Gb  CM.o [1]
YcReport                0x0000c265   0x1c6  Code  Gb  SlaveUnit.o [1]
YxReport                0x0000c151    0xf2  Code  Gb  SlaveUnit.o [1]
_GenldFull              0x00011845   0x2aa  Code  Lc  xprintffull.o [3]
_Getdst                 0x000172e5   0x140  Code  Gb  xgetdst.o [3]
_Gettime                0x000167a3    0x44  Code  Gb  xgettime.o [3]
_IsdstStr               0x10000578     0x4  Data  Gb  setlocale.o [3]
_Isdst_olddst           0x100005ac     0x4  Data  Lc  xisdst.o [3]
_Isdst_rules            0x100005b0     0x4  Data  Gb  xisdstData.o [3]
_LdtobFull              0x000113cd   0x464  Code  Lc  xprintffull.o [3]
_LitobFull              0x0001129f   0x12a  Code  Lc  xprintffull.o [3]
_Localtime_oldzone      0x100004e0     0x4  Data  Lc  localtim.o [3]
_Localtime_tzoff        0x100004e4     0x4  Data  Lc  localtim.o [3]
_PrintfFull             0x00010c81   0x5b6  Code  Gb  xprintffull.o [3]
_Prout                  0x0001ad05    0x16  Code  Gb  xprout.o [3]
_PutcharsFull           0x00011aef    0x30  Code  Lc  xprintffull.o [3]
_Rand_idx               0x100004f0     0x4  Data  Lc  rand.o [3]
_Rand_rv                0x100004f4    0x80  Data  Lc  rand.o [3]
_Randinit               0x100004e8     0x1  Data  Gb  rand.o [3]
_Randseed               0x100004ec     0x4  Data  Gb  rand.o [3]
_SNProut                0x0001aaa9    0x1c  Code  Gb  xsnprout.o [3]
_SProut                 0x00010c77     0xa  Code  Gb  xsprout.o [3]
_Ttotm_ts               0x1000057c    0x2c  Data  Lc  xttotm.o [3]
_Tzoff                  0x000121b9    0x98  Code  Gb  localtim.o [3]
_TzoneStr               0x10000574     0x4  Data  Gb  setlocale.o [3]
__Vectors               0x00006000           --   Gb  iar_startup_lpc11u6x.o [1]
__Vectors_End           0x000060c0          Data  Gb  iar_startup_lpc11u6x.o [1]
__Vectors_Size {Abs}    0x000000c0           --   Gb  iar_startup_lpc11u6x.o [1]
__aeabi_cdcmple         0x000161d3          Code  Gb  DblCmpLe.o [4]
__aeabi_cdrcmple        0x00016205          Code  Gb  DblCmpGe.o [4]
__aeabi_cfcmple         0x00015d1d          Code  Gb  FltCmpLe.o [4]
__aeabi_cfrcmple        0x00015d45          Code  Gb  FltCmpGe.o [4]
__aeabi_d2f             0x00015cb9          Code  Gb  DblToFlt.o [4]
__aeabi_d2iz            0x000162b9          Code  Gb  DblToI32.o [4]
__aeabi_d2uiz           0x000162dd          Code  Gb  DblToI32.o [4]
__aeabi_ddiv            0x0001666d          Code  Gb  DblDiv.o [4]
__aeabi_dmul            0x000164e9          Code  Gb  DblMul.o [4]
__aeabi_dsub            0x000163fb          Code  Gb  DblAddSub.o [4]
__aeabi_errno_addr      0x0001712d     0xa  Code  Gb  errno.o [3]
__aeabi_f2iz            0x00013ab1          Code  Gb  FltToS32.o [4]
__aeabi_f2uiz           0x00015e19          Code  Gb  FltToU32.o [4]
__aeabi_fdiv            0x00015d6d          Code  Gb  FltDiv.o [4]
__aeabi_i2d             0x0001630d          Code  Gb  I32ToDbl.o [4]
__aeabi_i2f             0x00010671          Code  Gb  I32ToFlt.o [4]
__aeabi_idiv            0x0000b5d5     0xe  Code  Gb  romdiv_11u6x.o [1]
__aeabi_idivmod         0x0000b5f1    0x1c  Code  Gb  romdiv_11u6x.o [1]
__aeabi_ldiv0           0x00016fb1          Code  Gb  I64DivZer.o [5]
__aeabi_lmul            0x00016f7d          Code  Gb  I64Mul.o [5]
__aeabi_memclr          0x0000ab15          Code  Gb  ABImemset.o [5]
__aeabi_memclr4         0x0000ab19          Code  Gb  ABImemset.o [5]
__aeabi_memclr8         0x0000ab19          Code  Gb  ABImemset.o [5]
__aeabi_memcpy          0x0000add9          Code  Gb  ABImemcpy.o [5]
__aeabi_memset          0x0000aac5          Code  Gb  ABImemset.o [5]
__aeabi_ui2d            0x00016321          Code  Gb  I32ToDbl.o [4]
__aeabi_ui2f            0x00010689          Code  Gb  I32ToFlt.o [4]
__aeabi_uidiv           0x0000b5e3     0xe  Code  Gb  romdiv_11u6x.o [1]
__aeabi_uidivmod        0x0000b60d    0x1c  Code  Gb  romdiv_11u6x.o [1]
__aeabi_uldivmod        0x00016169          Code  Gb  I64DivMod.o [5]
__cmain                 0x0001aac5          Code  Gb  cmain.o [5]
__data_Aldata           0x10007afc     0x8  Data  Gb  xxmemxmalloc.o [3]
__data_GetMemChunk      0x00017569    0x2c  Code  Gb  xgetmemchunk.o [3]
__data_GetMemChunk::start
                        0x10007bd0     0x4  Data  Lc  xgetmemchunk.o [3]
__difftime32            0x00015c9d    0x1c  Code  Gb  difftime.o [4]
__exit                  0x0001aaf9    0x14  Code  Gb  exit.o [6]
__getzone               0x0001679d     0x4  Code  Gb  getzone.o [3]
__iar_Daysto32          0x0001687d    0x3a  Code  Gb  xttotm.o [3]
__iar_Dscale            0x00016239    0x80  Code  Gb  xdscale.o [4]
__iar_Errno             0x100005a8     0x4  Data  Gb  errno.o [3]
__iar_Isdst32           0x0001713d   0x140  Code  Gb  xisdst.o [3]
__iar_Memchr            0x00016151    0x18  Code  Gb  memchr.o [5]
__iar_Memset4_word      0x0000aae5          Code  Gb  ABImemset.o [5]
__iar_Memset_word       0x0000aad1          Code  Gb  ABImemset.o [5]
__iar_Stolx             0x000167e9    0x94  Code  Gb  xstol.o [3]
__iar_Stoulx            0x00016fb5   0x126  Code  Gb  xstoul.o [3]
__iar_Strchr            0x0001613d    0x14  Code  Gb  strchr.o [5]
__iar_Strstr            0x0001727d    0x38  Code  Gb  strstr.o [3]
__iar_Ttotm32           0x000168b9   0x116  Code  Gb  xttotm.o [3]
__iar_TzoneStr_init     0x00016771    0x24  Code  Gb  setlocale.o [3]
__iar_d2uiz             0x000162e1          Code  Gb  DblToI32.o [4]
__iar_data_init3        0x0001a395    0x28  Code  Gb  data_init.o [5]
__iar_dlib_perthread_access
                        0x0001676f     0x2  Code  Gb  xtls.o [3]
__iar_packbits_init_single3
                        0x00019f11    0x3c  Code  Gb  packbits_init_single.o [5]
__iar_program_start     0x0001b775          Code  Gb  cstartup_M.o [5]
__iar_ui2d              0x00016325          Code  Gb  I32ToDbl.o [4]
__iar_ui2f              0x0001068d          Code  Gb  I32ToFlt.o [4]
__iar_zero_init3        0x00019ed5    0x3c  Code  Gb  zero_init3.o [5]
__localtime32           0x00012261    0x18  Code  Gb  localtim.o [3]
__low_level_init        0x0001aadf     0x4  Code  Gb  low_level_init.o [3]
__mktime32              0x00012279    0xf8  Code  Gb  mktime.o [3]
__vector_table          0x00006000          Data  Gb  iar_startup_lpc11u6x.o [1]
__vector_table_0x1c     0x0000601c          Data  Gb  iar_startup_lpc11u6x.o [1]
__write                 0x00019e51    0x32  Code  Gb  board.o [1]
_call_main              0x0001aad1          Code  Gb  cmain.o [5]
_exit                   0x0001aaed          Code  Gb  cexit.o [5]
_main                   0x0001aadb          Code  Gb  cmain.o [5]
abs                     0x00019725     0x8  Code  Gb  abs.o [3]
auchCRCHi               0x0001992c   0x100  Data  Gb  CRC16.o [1]
auchCRCLo               0x00019a2c   0x100  Data  Gb  CRC16.o [1]
crc_ta                  0x0001972c   0x200  Data  Lc  CRC16.o [1]
digits                  0x000170dc    0x28  Data  Lc  xstoul.o [3]
div                     0x0001672f    0x20  Code  Gb  div.o [3]
exit                    0x0001aae3     0x8  Code  Gb  exit.o [3]
free                    0x00017429    0x82  Code  Gb  xxmemxfree.o [3]
gImport_Table_time      0x10007bb8     0x4  Data  Gb  SlaveUnit.o [1]
g_DT1000Updata          0x10007a68    0x1c  Data  Gb  GlobalVar.o [1]
g_DeviceEsn             0x10007194    0xd8  Data  Gb  GlobalVar.o [1]
g_DeviceSoft            0x10007584    0xb8  Data  Gb  GlobalVar.o [1]
g_DeviceSouth           0x10006858   0x13c  Data  Gb  GlobalVar.o [1]
g_IecRecSeq             0x10007bd6     0x2  Data  Gb  IEC104.o [1]
g_IecSendSeq            0x10007bd8     0x2  Data  Gb  IEC104.o [1]
g_LoggerAlarm           0x10007b34     0x4  Data  Gb  GlobalVar.o [1]
g_LoggerInfo            0x100076f4    0x88  Data  Gb  GlobalVar.o [1]
g_LoggerRun             0x10007a24    0x24  Data  Gb  GlobalVar.o [1]
g_LoggerUpdate          0x10007a9c    0x10  Data  Gb  GlobalVar.o [1]
g_PointNumSeries        0x10007944    0x3c  Data  Gb  GlobalVar.o [1]
g_South_Action_Newtime  0x10007bb4     0x4  Data  Gb  SlaveUnit.o [1]
g_TimeMarker            0x10007ad4     0x8  Data  Gb  IEC104.o [1]
g_TimeStamp             0x10007ba8     0x4  Data  Gb  RealTime.o [1]
g_YCData                0x1000763c    0xb8  Data  Gb  IEC104.o [1]
g_pRegPoint             0x100079ac    0x28  Data  Gb  GlobalVar.o [1]
g_psSouthAlarm          0x100079d4    0x28  Data  Gb  GlobalVar.o [1]
g_psSouthAlarmCopy      0x100079fc    0x28  Data  Gb  GlobalVar.o [1]
g_sBurst                0x100058d8   0x2e0  Data  Lc  SlaveUnit.o [1]
g_sIEC                  0x10005bb8   0x200  Data  Gb  IEC104.o [1]
g_sIecCmSend            0x10006a94   0x100  Data  Lc  CM.o [1]
g_sIecPointCount        0x100077f4    0x64  Data  Gb  IEC104.o [1]
g_sIecRun               0x10007acc     0x8  Data  Gb  IEC104.o [1]
g_sIecSend              0x10006e94   0x100  Data  Lc  SlaveUnit.o [1]
g_sMaster               0x10007a84    0x18  Data  Gb  SlaveUnit.o [1]
g_sRingData             0x10000200   0x214  Data  Lc  CM.o [1]
g_uAlarmReport          0x10007c0b     0x1  Data  Lc  SlaveUnit.o [1]
g_uClockOld             0x10007b78     0x4  Data  Lc  LED.o [1]
g_uDataBuffer           0x100065b8   0x160  Data  Lc  CM.o [1]
g_uDog                  0x10007c17     0x1  Data  Lc  WatchDog.o [1]
g_uNowTime              0x10007b58     0x4  Data  Lc  IEC104.o [1]
g_uRecData              0x100073fc    0xc8  Data  Lc  Uart0Process.o [1]
g_uReportCtrl           0x10007bf9     0x1  Data  Lc  IEC104.o [1]
g_uSaveRecord           0x10007c09     0x1  Data  Gb  Record.o [1]
g_uSendBuffer           0x10006994   0x100  Data  Lc  CM.o [1]
g_uSubData              0x100074c4    0xc0  Data  Lc  IEC104.o [1]
g_uTest                 0x10007b74     0x4  Data  Lc  InRtc.o [1]
g_uTimeNow              0x10007bb0     0x4  Data  Lc  SlaveUnit.o [1]
g_uTimerForRecData      0x10007b0c     0x4  Data  Lc  CM.o [1]
g_uTimerForSyncTime     0x10007b08     0x4  Data  Lc  CM.o [1]
g_uUpdataTime           0x10007b5c     0x4  Data  Lc  IEC104.o [1]
g_uUpdateBuffer         0x10007bcc     0x4  Data  Lc  Uart0Process.o [1]
g_uWriteReg             0x10006c94   0x100  Data  Lc  ModbusMaster.o [1]
getUARTClockID          0x00016dc7    0x1a  Code  Lc  uart_n_11u6x.o [1]
getint                  0x000172b5    0x30  Code  Lc  xgetdst.o [3]
hMarkCheck              0x000107fb    0x18  Code  Gb  SubCollection.o [1]
iap_entry               0x00015c35     0x8  Code  Lc  eeprom.o [1]
lmos                    0x000169dc    0x18  Data  Lc  xttotm.o [3]
main                    0x00018da5    0xe6  Code  Gb  main.o [1]
malloc                  0x000174b1    0xb2  Code  Gb  xxmemxmalloc.o [3]
memcmp                  0x00012a19    0x28  Code  Gb  memcmp.o [5]
memory_heap             0x100011c0  0x4000  Data  Lc  Memory.o [1]
memory_map              0x10005db8   0x200  Data  Lc  Memory.o [1]
mos                     0x000169f4    0x18  Data  Lc  xttotm.o [3]
ndigs                   0x00017104    0x28  Data  Lc  xstoul.o [3]
pDFLock                 0x10007b1c     0x4  Data  Gb  DataFlash.o [1]
pLinkRecHead            0x10007b24     0x4  Data  Lc  DataTransferArea.o [1]
pLinkRecLock            0x10007b2c     0x4  Data  Gb  DataTransferArea.o [1]
pLinkSendHead           0x10007b28     0x4  Data  Lc  DataTransferArea.o [1]
pLinkSendLock           0x10007b30     0x4  Data  Gb  DataTransferArea.o [1]
pRegPointTemp           0x10007b54     0x4  Data  Lc  IEC104.o [1]
pUartLock               0x10007bac     0x4  Data  Gb  SlaveUnit.o [1]
preFrameDataCrc         0x10007bd4     0x2  Data  Gb  IEC104.o [1]
printf                  0x0000a981    0x24  Code  Gb  printf.o [3]
putchar                 0x0001a5d9    0x24  Code  Gb  putchar.o [3]
rand                    0x00015871    0xcc  Code  Gb  rand.o [3]
sAlarmSouth             0x10007abc    0x10  Data  Lc  SlaveUnit.o [1]
sDateTime               0x10007aec     0x8  Data  Gb  RealTime.o [1]
sLogData                0x10007ae4     0x8  Data  Gb  log.o [1]
sRecord                 0x10007af4     0x8  Data  Gb  Record.o [1]
sSouth                  0x10007aac    0x10  Data  Lc  SlaveUnit.o [1]
sUart0                  0x10000418    0x3c  Data  Lc  Usart.o [1]
sUart3                  0x10000454    0x3c  Data  Lc  Usart.o [1]
sUart4                  0x10000490    0x3c  Data  Lc  Usart.o [1]
s_sPointRecord          0x10007adc     0x8  Data  Lc  IEC104.o [1]
s_uRs485Debug           0x10007c14     0x1  Data  Lc  Uart0Process.o [1]
s_uSouthReadSd          0x100005bb     0x1  Data  Lc  IEC104.o [1]
s_uSouthSd              0x100005b9     0x1  Data  Lc  IEC104.o [1]
s_uSouthSync            0x100005ba     0x1  Data  Lc  IEC104.o [1]
s_uSouthYk              0x100005b8     0x1  Data  Lc  IEC104.o [1]
snprintf                0x00018c11    0x48  Code  Gb  snprintf.o [3]
srand                   0x00015851    0x20  Code  Gb  srand.o [3]
strcat                  0x00018c59    0x1c  Code  Gb  strcat.o [3]
strcpy                  0x000120c5          Code  Gb  strcpy.o [5]
strlen                  0x0000ffd9    0x10  Code  Gb  strlen.o [5]
strncpy                 0x0000ffe9    0x24  Code  Gb  strncpy.o [5]
strstr                  0x00016ea9     0x8  Code  Gb  Uart0Process.o [1]
tMarkCheck              0x00010781    0x7a  Code  Gb  SubCollection.o [1]
uAllocation             0x10007334    0xc8  Data  Gb  ModbusMaster.o [1]
uGetLastRecordAddr      0x000101ed   0x118  Code  Gb  log.o [1]
uNewHWDevCount          0x10007c0a     0x1  Data  Lc  SlaveUnit.o [1]
uRecBuffer              0x10006f94   0x100  Data  Lc  SlaveUnit.o [1]
uSaveSouthLog           0x00010315   0x160  Code  Gb  log.o [1]
uUart0RxBuf             0x10007904    0x40  Data  Lc  Usart.o [1]
uUart0TxBuf             0x10007a48    0x20  Data  Lc  Usart.o [1]
uUart3RxBuf             0x10005fb8   0x200  Data  Lc  Usart.o [1]
uUart3TxBuf             0x10007094   0x100  Data  Lc  Usart.o [1]
uUart4RxBuf             0x100063b8   0x200  Data  Lc  Usart.o [1]
uUart4TxBuf             0x100061b8   0x200  Data  Lc  Usart.o [1]
uart_3_4_cnt            0x10007c16     0x1  Data  Lc  uart_n_11u6x.o [1]
vprintf                 0x00016e91    0x18  Code  Gb  vprintf.o [3]
vsprintf                0x00016e65    0x2c  Code  Gb  vsprintf.o [3]
wdtOSCRate              0x00019e94    0x40  Data  Lc  clock_11u6x.o [1]


[1] = F:\Work\program-iar-ucos-logger - backup\Release\Obj
[2] = command line
[3] = dl6M_tln.a
[4] = m6M_tl.a
[5] = rt6M_tl.a
[6] = shb_l.a

  80 156 bytes of readonly  code memory
   8 415 bytes of readonly  data memory
  31 255 bytes of readwrite data memory (+ 3 584 absolute)

Errors: none
Warnings: none
